2026-04-30 16:11:44.878 INFO  <main> [/etl/water_etl_pipeline.ktr]  Dispatching started for transformation [water_etl_pipeline]
2026-04-30 16:11:46.231 INFO  <init of update fact.0 (Thread-13)> [/etl/water_etl_pipeline.ktr]  Connected to database [data_warehouse] (commit=1000)
2026-04-30 16:11:46.334 INFO  <water_etl_pipeline - CSV file input> [/etl/water_etl_pipeline.ktr]  Header row skipped in file '/data/raw/water_potability.csv'
2026-04-30 16:11:47.104 INFO  <water_etl_pipeline - CSV file input> [/etl/water_etl_pipeline.ktr]  Finished processing (I=3277, O=0, R=0, W=3276, U=0, E=0)
2026-04-30 16:11:47.128 INFO  <water_etl_pipeline - If field value is null> [/etl/water_etl_pipeline.ktr]  Finished processing (I=0, O=0, R=3276, W=3276, U=0, E=0)
2026-04-30 16:11:47.134 INFO  <water_etl_pipeline - Number range> [/etl/water_etl_pipeline.ktr]  Finished processing (I=0, O=0, R=3276, W=3276, U=0, E=0)
2026-04-30 16:11:47.155 INFO  <water_etl_pipeline - Number range 2> [/etl/water_etl_pipeline.ktr]  Finished processing (I=0, O=0, R=3276, W=3276, U=0, E=0)
2026-04-30 16:11:47.165 INFO  <water_etl_pipeline - update dim_hardness> [/etl/water_etl_pipeline.ktr]  Finished processing (I=4, O=0, R=3276, W=3276, U=0, E=0)
2026-04-30 16:11:47.170 INFO  <water_etl_pipeline - update dim_acidity> [/etl/water_etl_pipeline.ktr]  Finished processing (I=3, O=0, R=3276, W=3276, U=0, E=0)
2026-04-30 16:11:48.675 INFO  <water_etl_pipeline - Dim_potability lookup> [/etl/water_etl_pipeline.ktr]  Finished processing (I=3276, O=0, R=3276, W=6552, U=0, E=0)
2026-04-30 16:11:49.017 INFO  <water_etl_pipeline - JSON output> [/etl/water_etl_pipeline.ktr]  Finished processing (I=0, O=3276, R=3276, W=3276, U=0, E=0)
2026-04-30 16:11:49.278 INFO  <water_etl_pipeline - update fact> [/etl/water_etl_pipeline.ktr]  Finished processing (I=0, O=3276, R=3276, W=3276, U=0, E=0)
2026-04-30 16:11:49.300 INFO  <main> [/etl/water_etl_pipeline.ktr]   
2026-04-30 16:11:49.300 INFO  <main> [/etl/water_etl_pipeline.ktr]  Step CSV file input.0 ended successfully, processed 3276 lines. ( 819 lines/s)
2026-04-30 16:11:49.301 INFO  <main> [/etl/water_etl_pipeline.ktr]  Step If field value is null.0 ended successfully, processed 3276 lines. ( 819 lines/s)
2026-04-30 16:11:49.301 INFO  <main> [/etl/water_etl_pipeline.ktr]  Step Number range.0 ended successfully, processed 3276 lines. ( 819 lines/s)
2026-04-30 16:11:49.301 INFO  <main> [/etl/water_etl_pipeline.ktr]  Step update dim_hardness.0 ended successfully, processed 3276 lines. ( 819 lines/s)
2026-04-30 16:11:49.302 INFO  <main> [/etl/water_etl_pipeline.ktr]  Step Number range 2.0 ended successfully, processed 3276 lines. ( 819 lines/s)
2026-04-30 16:11:49.302 INFO  <main> [/etl/water_etl_pipeline.ktr]  Step update dim_acidity.0 ended successfully, processed 3276 lines. ( 819 lines/s)
2026-04-30 16:11:49.302 INFO  <main> [/etl/water_etl_pipeline.ktr]  Step Dim_potability lookup.0 ended successfully, processed 6552 lines. ( 1638 lines/s)
2026-04-30 16:11:49.303 INFO  <main> [/etl/water_etl_pipeline.ktr]  Step update fact.0 ended successfully, processed 3276 lines. ( 819 lines/s)
2026-04-30 16:11:49.303 INFO  <main> [/etl/water_etl_pipeline.ktr]  Step JSON output.0 ended successfully, processed 3276 lines. ( 819 lines/s)
2026-04-30 16:12:35.840 INFO  <main> [/etl/water_etl_pipeline.ktr]  Dispatching started for transformation [water_etl_pipeline]
2026-04-30 16:12:36.333 INFO  <init of update fact.0 (Thread-13)> [/etl/water_etl_pipeline.ktr]  Connected to database [data_warehouse] (commit=1000)
2026-04-30 16:12:36.409 INFO  <water_etl_pipeline - CSV file input> [/etl/water_etl_pipeline.ktr]  Header row skipped in file '/data/raw/water_potability.csv'
2026-04-30 16:12:36.976 INFO  <water_etl_pipeline - CSV file input> [/etl/water_etl_pipeline.ktr]  Finished processing (I=3277, O=0, R=0, W=3276, U=0, E=0)
2026-04-30 16:12:36.990 INFO  <water_etl_pipeline - If field value is null> [/etl/water_etl_pipeline.ktr]  Finished processing (I=0, O=0, R=3276, W=3276, U=0, E=0)
2026-04-30 16:12:36.996 INFO  <water_etl_pipeline - Number range> [/etl/water_etl_pipeline.ktr]  Finished processing (I=0, O=0, R=3276, W=3276, U=0, E=0)
2026-04-30 16:12:37.011 INFO  <water_etl_pipeline - Number range 2> [/etl/water_etl_pipeline.ktr]  Finished processing (I=0, O=0, R=3276, W=3276, U=0, E=0)
2026-04-30 16:12:37.013 INFO  <water_etl_pipeline - update dim_hardness> [/etl/water_etl_pipeline.ktr]  Finished processing (I=4, O=0, R=3276, W=3276, U=0, E=0)
2026-04-30 16:12:37.018 INFO  <water_etl_pipeline - update dim_acidity> [/etl/water_etl_pipeline.ktr]  Finished processing (I=3, O=0, R=3276, W=3276, U=0, E=0)
2026-04-30 16:12:38.153 INFO  <water_etl_pipeline - Dim_potability lookup> [/etl/water_etl_pipeline.ktr]  Finished processing (I=3276, O=0, R=3276, W=6552, U=0, E=0)
2026-04-30 16:12:38.412 INFO  <water_etl_pipeline - JSON output> [/etl/water_etl_pipeline.ktr]  Finished processing (I=0, O=3276, R=3276, W=3276, U=0, E=0)
2026-04-30 16:12:38.515 INFO  <water_etl_pipeline - update fact> [/etl/water_etl_pipeline.ktr]  Finished processing (I=0, O=3276, R=3276, W=3276, U=0, E=0)
2026-04-30 16:12:38.530 INFO  <main> [/etl/water_etl_pipeline.ktr]   
2026-04-30 16:12:38.531 INFO  <main> [/etl/water_etl_pipeline.ktr]  Step CSV file input.0 ended successfully, processed 3276 lines. ( 1638 lines/s)
2026-04-30 16:12:38.531 INFO  <main> [/etl/water_etl_pipeline.ktr]  Step If field value is null.0 ended successfully, processed 3276 lines. ( 1638 lines/s)
2026-04-30 16:12:38.532 INFO  <main> [/etl/water_etl_pipeline.ktr]  Step Number range.0 ended successfully, processed 3276 lines. ( 1638 lines/s)
2026-04-30 16:12:38.532 INFO  <main> [/etl/water_etl_pipeline.ktr]  Step update dim_hardness.0 ended successfully, processed 3276 lines. ( 1638 lines/s)
2026-04-30 16:12:38.532 INFO  <main> [/etl/water_etl_pipeline.ktr]  Step Number range 2.0 ended successfully, processed 3276 lines. ( 1638 lines/s)
2026-04-30 16:12:38.533 INFO  <main> [/etl/water_etl_pipeline.ktr]  Step update dim_acidity.0 ended successfully, processed 3276 lines. ( 1638 lines/s)
2026-04-30 16:12:38.534 INFO  <main> [/etl/water_etl_pipeline.ktr]  Step Dim_potability lookup.0 ended successfully, processed 6552 lines. ( 3276 lines/s)
2026-04-30 16:12:38.535 INFO  <main> [/etl/water_etl_pipeline.ktr]  Step update fact.0 ended successfully, processed 3276 lines. ( 1638 lines/s)
2026-04-30 16:12:38.535 INFO  <main> [/etl/water_etl_pipeline.ktr]  Step JSON output.0 ended successfully, processed 3276 lines. ( 1638 lines/s)
2026-04-30 16:14:29.012 INFO  <main> [/etl/water_etl_pipeline.ktr]  Dispatching started for transformation [water_etl_pipeline]
2026-04-30 16:14:29.529 INFO  <init of update fact.0 (Thread-13)> [/etl/water_etl_pipeline.ktr]  Connected to database [data_warehouse] (commit=1000)
2026-04-30 16:14:29.600 INFO  <water_etl_pipeline - CSV file input> [/etl/water_etl_pipeline.ktr]  Header row skipped in file '/data/raw/water_potability.csv'
2026-04-30 16:14:30.102 INFO  <water_etl_pipeline - CSV file input> [/etl/water_etl_pipeline.ktr]  Finished processing (I=3277, O=0, R=0, W=3276, U=0, E=0)
2026-04-30 16:14:30.107 INFO  <water_etl_pipeline - If field value is null> [/etl/water_etl_pipeline.ktr]  Finished processing (I=0, O=0, R=3276, W=3276, U=0, E=0)
2026-04-30 16:14:30.114 INFO  <water_etl_pipeline - Number range> [/etl/water_etl_pipeline.ktr]  Finished processing (I=0, O=0, R=3276, W=3276, U=0, E=0)
2026-04-30 16:14:30.128 INFO  <water_etl_pipeline - update dim_hardness> [/etl/water_etl_pipeline.ktr]  Finished processing (I=4, O=0, R=3276, W=3276, U=0, E=0)
2026-04-30 16:14:30.132 INFO  <water_etl_pipeline - Number range 2> [/etl/water_etl_pipeline.ktr]  Finished processing (I=0, O=0, R=3276, W=3276, U=0, E=0)
2026-04-30 16:14:30.138 INFO  <water_etl_pipeline - update dim_acidity> [/etl/water_etl_pipeline.ktr]  Finished processing (I=3, O=0, R=3276, W=3276, U=0, E=0)
2026-04-30 16:14:31.154 INFO  <water_etl_pipeline - Dim_potability lookup> [/etl/water_etl_pipeline.ktr]  Finished processing (I=3276, O=0, R=3276, W=6552, U=0, E=0)
2026-04-30 16:14:31.345 INFO  <water_etl_pipeline - JSON output> [/etl/water_etl_pipeline.ktr]  Finished processing (I=0, O=3276, R=3276, W=3276, U=0, E=0)
2026-04-30 16:14:31.506 INFO  <water_etl_pipeline - update fact> [/etl/water_etl_pipeline.ktr]  Finished processing (I=0, O=3276, R=3276, W=3276, U=0, E=0)
2026-04-30 16:14:31.518 INFO  <main> [/etl/water_etl_pipeline.ktr]   
2026-04-30 16:14:31.519 INFO  <main> [/etl/water_etl_pipeline.ktr]  Step CSV file input.0 ended successfully, processed 3276 lines. ( 1638 lines/s)
2026-04-30 16:14:31.519 INFO  <main> [/etl/water_etl_pipeline.ktr]  Step If field value is null.0 ended successfully, processed 3276 lines. ( 1638 lines/s)
2026-04-30 16:14:31.520 INFO  <main> [/etl/water_etl_pipeline.ktr]  Step Number range.0 ended successfully, processed 3276 lines. ( 1638 lines/s)
2026-04-30 16:14:31.521 INFO  <main> [/etl/water_etl_pipeline.ktr]  Step update dim_hardness.0 ended successfully, processed 3276 lines. ( 1638 lines/s)
2026-04-30 16:14:31.521 INFO  <main> [/etl/water_etl_pipeline.ktr]  Step Number range 2.0 ended successfully, processed 3276 lines. ( 1638 lines/s)
2026-04-30 16:14:31.522 INFO  <main> [/etl/water_etl_pipeline.ktr]  Step update dim_acidity.0 ended successfully, processed 3276 lines. ( 1638 lines/s)
2026-04-30 16:14:31.523 INFO  <main> [/etl/water_etl_pipeline.ktr]  Step Dim_potability lookup.0 ended successfully, processed 6552 lines. ( 3276 lines/s)
2026-04-30 16:14:31.523 INFO  <main> [/etl/water_etl_pipeline.ktr]  Step update fact.0 ended successfully, processed 3276 lines. ( 1638 lines/s)
2026-04-30 16:14:31.524 INFO  <main> [/etl/water_etl_pipeline.ktr]  Step JSON output.0 ended successfully, processed 3276 lines. ( 1638 lines/s)
2026-04-30 16:16:48.450 INFO  <main> [/etl/water_etl_pipeline.ktr]  Dispatching started for transformation [water_etl_pipeline]
2026-04-30 16:16:48.880 INFO  <init of update fact.0 (Thread-13)> [/etl/water_etl_pipeline.ktr]  Connected to database [data_warehouse] (commit=1000)
2026-04-30 16:16:48.976 INFO  <water_etl_pipeline - CSV file input> [/etl/water_etl_pipeline.ktr]  Header row skipped in file '/data/raw/water_potability.csv'
2026-04-30 16:16:49.528 INFO  <water_etl_pipeline - CSV file input> [/etl/water_etl_pipeline.ktr]  Finished processing (I=3277, O=0, R=0, W=3276, U=0, E=0)
2026-04-30 16:16:49.535 INFO  <water_etl_pipeline - If field value is null> [/etl/water_etl_pipeline.ktr]  Finished processing (I=0, O=0, R=3276, W=3276, U=0, E=0)
2026-04-30 16:16:49.545 INFO  <water_etl_pipeline - Number range> [/etl/water_etl_pipeline.ktr]  Finished processing (I=0, O=0, R=3276, W=3276, U=0, E=0)
2026-04-30 16:16:49.553 INFO  <water_etl_pipeline - Number range 2> [/etl/water_etl_pipeline.ktr]  Finished processing (I=0, O=0, R=3276, W=3276, U=0, E=0)
2026-04-30 16:16:49.558 INFO  <water_etl_pipeline - update dim_hardness> [/etl/water_etl_pipeline.ktr]  Finished processing (I=4, O=0, R=3276, W=3276, U=0, E=0)
2026-04-30 16:16:49.564 INFO  <water_etl_pipeline - update dim_acidity> [/etl/water_etl_pipeline.ktr]  Finished processing (I=3, O=0, R=3276, W=3276, U=0, E=0)
2026-04-30 16:16:50.565 INFO  <water_etl_pipeline - Dim_potability lookup> [/etl/water_etl_pipeline.ktr]  Finished processing (I=3276, O=0, R=3276, W=6552, U=0, E=0)
2026-04-30 16:16:50.746 INFO  <water_etl_pipeline - JSON output> [/etl/water_etl_pipeline.ktr]  Finished processing (I=0, O=3276, R=3276, W=3276, U=0, E=0)
2026-04-30 16:16:50.849 INFO  <water_etl_pipeline - update fact> [/etl/water_etl_pipeline.ktr]  Finished processing (I=0, O=3276, R=3276, W=3276, U=0, E=0)
2026-04-30 16:16:50.863 INFO  <main> [/etl/water_etl_pipeline.ktr]   
2026-04-30 16:16:50.863 INFO  <main> [/etl/water_etl_pipeline.ktr]  Step CSV file input.0 ended successfully, processed 3276 lines. ( 1638 lines/s)
2026-04-30 16:16:50.864 INFO  <main> [/etl/water_etl_pipeline.ktr]  Step If field value is null.0 ended successfully, processed 3276 lines. ( 1638 lines/s)
2026-04-30 16:16:50.865 INFO  <main> [/etl/water_etl_pipeline.ktr]  Step Number range.0 ended successfully, processed 3276 lines. ( 1638 lines/s)
2026-04-30 16:16:50.865 INFO  <main> [/etl/water_etl_pipeline.ktr]  Step update dim_hardness.0 ended successfully, processed 3276 lines. ( 1638 lines/s)
2026-04-30 16:16:50.865 INFO  <main> [/etl/water_etl_pipeline.ktr]  Step Number range 2.0 ended successfully, processed 3276 lines. ( 1638 lines/s)
2026-04-30 16:16:50.866 INFO  <main> [/etl/water_etl_pipeline.ktr]  Step update dim_acidity.0 ended successfully, processed 3276 lines. ( 1638 lines/s)
2026-04-30 16:16:50.866 INFO  <main> [/etl/water_etl_pipeline.ktr]  Step Dim_potability lookup.0 ended successfully, processed 6552 lines. ( 3276 lines/s)
2026-04-30 16:16:50.866 INFO  <main> [/etl/water_etl_pipeline.ktr]  Step update fact.0 ended successfully, processed 3276 lines. ( 1638 lines/s)
2026-04-30 16:16:50.867 INFO  <main> [/etl/water_etl_pipeline.ktr]  Step JSON output.0 ended successfully, processed 3276 lines. ( 1638 lines/s)
2026-04-30 16:25:16.140 INFO  <main> [/etl/water_etl_pipeline.ktr]  Dispatching started for transformation [water_etl_pipeline]
2026-04-30 16:25:16.554 INFO  <init of update fact.0 (Thread-13)> [/etl/water_etl_pipeline.ktr]  Connected to database [data_warehouse] (commit=1000)
2026-04-30 16:25:16.615 INFO  <water_etl_pipeline - CSV file input> [/etl/water_etl_pipeline.ktr]  Header row skipped in file '/data/raw/water_potability.csv'
2026-04-30 16:25:17.143 INFO  <water_etl_pipeline - CSV file input> [/etl/water_etl_pipeline.ktr]  Finished processing (I=3277, O=0, R=0, W=3276, U=0, E=0)
2026-04-30 16:25:17.150 INFO  <water_etl_pipeline - If field value is null> [/etl/water_etl_pipeline.ktr]  Finished processing (I=0, O=0, R=3276, W=3276, U=0, E=0)
2026-04-30 16:25:17.157 INFO  <water_etl_pipeline - Number range> [/etl/water_etl_pipeline.ktr]  Finished processing (I=0, O=0, R=3276, W=3276, U=0, E=0)
2026-04-30 16:25:17.171 INFO  <water_etl_pipeline - update dim_hardness> [/etl/water_etl_pipeline.ktr]  Finished processing (I=4, O=0, R=3276, W=3276, U=0, E=0)
2026-04-30 16:25:17.171 INFO  <water_etl_pipeline - Number range 2> [/etl/water_etl_pipeline.ktr]  Finished processing (I=0, O=0, R=3276, W=3276, U=0, E=0)
2026-04-30 16:25:17.179 INFO  <water_etl_pipeline - update dim_acidity> [/etl/water_etl_pipeline.ktr]  Finished processing (I=3, O=0, R=3276, W=3276, U=0, E=0)
2026-04-30 16:25:18.196 INFO  <water_etl_pipeline - Dim_potability lookup> [/etl/water_etl_pipeline.ktr]  Finished processing (I=3276, O=0, R=3276, W=6552, U=0, E=0)
2026-04-30 16:25:18.392 INFO  <water_etl_pipeline - JSON output> [/etl/water_etl_pipeline.ktr]  Finished processing (I=0, O=3276, R=3276, W=3276, U=0, E=0)
2026-04-30 16:25:18.538 INFO  <water_etl_pipeline - update fact> [/etl/water_etl_pipeline.ktr]  Finished processing (I=0, O=3276, R=3276, W=3276, U=0, E=0)
2026-04-30 16:25:18.551 INFO  <main> [/etl/water_etl_pipeline.ktr]   
2026-04-30 16:25:18.552 INFO  <main> [/etl/water_etl_pipeline.ktr]  Step CSV file input.0 ended successfully, processed 3276 lines. ( 1638 lines/s)
2026-04-30 16:25:18.552 INFO  <main> [/etl/water_etl_pipeline.ktr]  Step If field value is null.0 ended successfully, processed 3276 lines. ( 1638 lines/s)
2026-04-30 16:25:18.553 INFO  <main> [/etl/water_etl_pipeline.ktr]  Step Number range.0 ended successfully, processed 3276 lines. ( 1638 lines/s)
2026-04-30 16:25:18.554 INFO  <main> [/etl/water_etl_pipeline.ktr]  Step update dim_hardness.0 ended successfully, processed 3276 lines. ( 1638 lines/s)
2026-04-30 16:25:18.554 INFO  <main> [/etl/water_etl_pipeline.ktr]  Step Number range 2.0 ended successfully, processed 3276 lines. ( 1638 lines/s)
2026-04-30 16:25:18.555 INFO  <main> [/etl/water_etl_pipeline.ktr]  Step update dim_acidity.0 ended successfully, processed 3276 lines. ( 1638 lines/s)
2026-04-30 16:25:18.556 INFO  <main> [/etl/water_etl_pipeline.ktr]  Step Dim_potability lookup.0 ended successfully, processed 6552 lines. ( 3276 lines/s)
2026-04-30 16:25:18.557 INFO  <main> [/etl/water_etl_pipeline.ktr]  Step update fact.0 ended successfully, processed 3276 lines. ( 1638 lines/s)
2026-04-30 16:25:18.557 INFO  <main> [/etl/water_etl_pipeline.ktr]  Step JSON output.0 ended successfully, processed 3276 lines. ( 1638 lines/s)
2026-04-30 16:37:12.087 INFO  <main> [/etl/water_etl_pipeline.ktr]  Dispatching started for transformation [water_etl_pipeline]
2026-04-30 16:37:12.565 INFO  <init of update fact.0 (Thread-13)> [/etl/water_etl_pipeline.ktr]  Connected to database [data_warehouse] (commit=1000)
2026-04-30 16:37:12.652 INFO  <water_etl_pipeline - CSV file input> [/etl/water_etl_pipeline.ktr]  Header row skipped in file '/data/raw/water_potability.csv'
2026-04-30 16:37:13.115 INFO  <water_etl_pipeline - CSV file input> [/etl/water_etl_pipeline.ktr]  Finished processing (I=3277, O=0, R=0, W=3276, U=0, E=0)
2026-04-30 16:37:13.119 INFO  <water_etl_pipeline - If field value is null> [/etl/water_etl_pipeline.ktr]  Finished processing (I=0, O=0, R=3276, W=3276, U=0, E=0)
2026-04-30 16:37:13.125 INFO  <water_etl_pipeline - Number range> [/etl/water_etl_pipeline.ktr]  Finished processing (I=0, O=0, R=3276, W=3276, U=0, E=0)
2026-04-30 16:37:13.135 INFO  <water_etl_pipeline - update dim_hardness> [/etl/water_etl_pipeline.ktr]  Finished processing (I=4, O=0, R=3276, W=3276, U=0, E=0)
2026-04-30 16:37:13.136 INFO  <water_etl_pipeline - Number range 2> [/etl/water_etl_pipeline.ktr]  Finished processing (I=0, O=0, R=3276, W=3276, U=0, E=0)
2026-04-30 16:37:13.144 INFO  <water_etl_pipeline - update dim_acidity> [/etl/water_etl_pipeline.ktr]  Finished processing (I=3, O=0, R=3276, W=3276, U=0, E=0)
2026-04-30 16:37:14.121 INFO  <water_etl_pipeline - Dim_potability lookup> [/etl/water_etl_pipeline.ktr]  Finished processing (I=3276, O=0, R=3276, W=6552, U=0, E=0)
2026-04-30 16:37:14.301 INFO  <water_etl_pipeline - JSON output> [/etl/water_etl_pipeline.ktr]  Finished processing (I=0, O=3276, R=3276, W=3276, U=0, E=0)
2026-04-30 16:37:14.433 INFO  <water_etl_pipeline - update fact> [/etl/water_etl_pipeline.ktr]  Finished processing (I=0, O=3276, R=3276, W=3276, U=0, E=0)
2026-04-30 16:37:14.450 INFO  <main> [/etl/water_etl_pipeline.ktr]   
2026-04-30 16:37:14.451 INFO  <main> [/etl/water_etl_pipeline.ktr]  Step CSV file input.0 ended successfully, processed 3276 lines. ( 1638 lines/s)
2026-04-30 16:37:14.451 INFO  <main> [/etl/water_etl_pipeline.ktr]  Step If field value is null.0 ended successfully, processed 3276 lines. ( 1638 lines/s)
2026-04-30 16:37:14.452 INFO  <main> [/etl/water_etl_pipeline.ktr]  Step Number range.0 ended successfully, processed 3276 lines. ( 1638 lines/s)
2026-04-30 16:37:14.452 INFO  <main> [/etl/water_etl_pipeline.ktr]  Step update dim_hardness.0 ended successfully, processed 3276 lines. ( 1638 lines/s)
2026-04-30 16:37:14.453 INFO  <main> [/etl/water_etl_pipeline.ktr]  Step Number range 2.0 ended successfully, processed 3276 lines. ( 1638 lines/s)
2026-04-30 16:37:14.453 INFO  <main> [/etl/water_etl_pipeline.ktr]  Step update dim_acidity.0 ended successfully, processed 3276 lines. ( 1638 lines/s)
2026-04-30 16:37:14.454 INFO  <main> [/etl/water_etl_pipeline.ktr]  Step Dim_potability lookup.0 ended successfully, processed 6552 lines. ( 3276 lines/s)
2026-04-30 16:37:14.454 INFO  <main> [/etl/water_etl_pipeline.ktr]  Step update fact.0 ended successfully, processed 3276 lines. ( 1638 lines/s)
2026-04-30 16:37:14.455 INFO  <main> [/etl/water_etl_pipeline.ktr]  Step JSON output.0 ended successfully, processed 3276 lines. ( 1638 lines/s)
2026-04-30 16:41:35.328 INFO  <main> [/etl/water_etl_pipeline.ktr]  Dispatching started for transformation [water_etl_pipeline]
2026-04-30 16:41:35.939 INFO  <init of update fact.0 (Thread-13)> [/etl/water_etl_pipeline.ktr]  Connected to database [data_warehouse] (commit=1000)
2026-04-30 16:41:36.025 INFO  <water_etl_pipeline - CSV file input> [/etl/water_etl_pipeline.ktr]  Header row skipped in file '/data/raw/water_potability.csv'
2026-04-30 16:41:36.766 INFO  <water_etl_pipeline - CSV file input> [/etl/water_etl_pipeline.ktr]  Finished processing (I=3277, O=0, R=0, W=3276, U=0, E=0)
2026-04-30 16:41:36.775 INFO  <water_etl_pipeline - If field value is null> [/etl/water_etl_pipeline.ktr]  Finished processing (I=0, O=0, R=3276, W=3276, U=0, E=0)
2026-04-30 16:41:36.784 INFO  <water_etl_pipeline - Number range> [/etl/water_etl_pipeline.ktr]  Finished processing (I=0, O=0, R=3276, W=3276, U=0, E=0)
2026-04-30 16:41:36.795 INFO  <water_etl_pipeline - update dim_hardness> [/etl/water_etl_pipeline.ktr]  Finished processing (I=4, O=0, R=3276, W=3276, U=0, E=0)
2026-04-30 16:41:36.802 INFO  <water_etl_pipeline - Number range 2> [/etl/water_etl_pipeline.ktr]  Finished processing (I=0, O=0, R=3276, W=3276, U=0, E=0)
2026-04-30 16:41:36.826 INFO  <water_etl_pipeline - update dim_acidity> [/etl/water_etl_pipeline.ktr]  Finished processing (I=3, O=0, R=3276, W=3276, U=0, E=0)
2026-04-30 16:41:38.236 INFO  <water_etl_pipeline - Dim_potability lookup> [/etl/water_etl_pipeline.ktr]  Finished processing (I=3276, O=0, R=3276, W=6552, U=0, E=0)
2026-04-30 16:41:38.447 INFO  <water_etl_pipeline - JSON output> [/etl/water_etl_pipeline.ktr]  Finished processing (I=0, O=3276, R=3276, W=3276, U=0, E=0)
2026-04-30 16:41:38.614 INFO  <water_etl_pipeline - update fact> [/etl/water_etl_pipeline.ktr]  Finished processing (I=0, O=3276, R=3276, W=3276, U=0, E=0)
2026-04-30 16:41:38.633 INFO  <main> [/etl/water_etl_pipeline.ktr]   
2026-04-30 16:41:38.633 INFO  <main> [/etl/water_etl_pipeline.ktr]  Step CSV file input.0 ended successfully, processed 3276 lines. ( 1092 lines/s)
2026-04-30 16:41:38.634 INFO  <main> [/etl/water_etl_pipeline.ktr]  Step If field value is null.0 ended successfully, processed 3276 lines. ( 1092 lines/s)
2026-04-30 16:41:38.634 INFO  <main> [/etl/water_etl_pipeline.ktr]  Step Number range.0 ended successfully, processed 3276 lines. ( 1092 lines/s)
2026-04-30 16:41:38.637 INFO  <main> [/etl/water_etl_pipeline.ktr]  Step update dim_hardness.0 ended successfully, processed 3276 lines. ( 1092 lines/s)
2026-04-30 16:41:38.638 INFO  <main> [/etl/water_etl_pipeline.ktr]  Step Number range 2.0 ended successfully, processed 3276 lines. ( 1092 lines/s)
2026-04-30 16:41:38.639 INFO  <main> [/etl/water_etl_pipeline.ktr]  Step update dim_acidity.0 ended successfully, processed 3276 lines. ( 1092 lines/s)
2026-04-30 16:41:38.640 INFO  <main> [/etl/water_etl_pipeline.ktr]  Step Dim_potability lookup.0 ended successfully, processed 6552 lines. ( 2184 lines/s)
2026-04-30 16:41:38.642 INFO  <main> [/etl/water_etl_pipeline.ktr]  Step update fact.0 ended successfully, processed 3276 lines. ( 1092 lines/s)
2026-04-30 16:41:38.643 INFO  <main> [/etl/water_etl_pipeline.ktr]  Step JSON output.0 ended successfully, processed 3276 lines. ( 1092 lines/s)
2026-04-30 16:45:27.686 INFO  <main> [/etl/water_etl_pipeline.ktr]  Dispatching started for transformation [water_etl_pipeline]
2026-04-30 16:45:28.500 INFO  <init of update fact.0 (Thread-13)> [/etl/water_etl_pipeline.ktr]  Connected to database [data_warehouse] (commit=1000)
2026-04-30 16:45:28.589 INFO  <water_etl_pipeline - CSV file input> [/etl/water_etl_pipeline.ktr]  Header row skipped in file '/data/raw/water_potability.csv'
2026-04-30 16:45:29.248 INFO  <water_etl_pipeline - CSV file input> [/etl/water_etl_pipeline.ktr]  Finished processing (I=3277, O=0, R=0, W=3276, U=0, E=0)
2026-04-30 16:45:29.255 INFO  <water_etl_pipeline - If field value is null> [/etl/water_etl_pipeline.ktr]  Finished processing (I=0, O=0, R=3276, W=3276, U=0, E=0)
2026-04-30 16:45:29.270 INFO  <water_etl_pipeline - Number range> [/etl/water_etl_pipeline.ktr]  Finished processing (I=0, O=0, R=3276, W=3276, U=0, E=0)
2026-04-30 16:45:29.283 INFO  <water_etl_pipeline - update dim_hardness> [/etl/water_etl_pipeline.ktr]  Finished processing (I=4, O=0, R=3276, W=3276, U=0, E=0)
2026-04-30 16:45:29.284 INFO  <water_etl_pipeline - Number range 2> [/etl/water_etl_pipeline.ktr]  Finished processing (I=0, O=0, R=3276, W=3276, U=0, E=0)
2026-04-30 16:45:29.302 INFO  <water_etl_pipeline - update dim_acidity> [/etl/water_etl_pipeline.ktr]  Finished processing (I=3, O=0, R=3276, W=3276, U=0, E=0)
2026-04-30 16:45:30.294 INFO  <water_etl_pipeline - Dim_potability lookup> [/etl/water_etl_pipeline.ktr]  Finished processing (I=3276, O=0, R=3276, W=6552, U=0, E=0)
2026-04-30 16:45:30.499 INFO  <water_etl_pipeline - JSON output> [/etl/water_etl_pipeline.ktr]  Finished processing (I=0, O=3276, R=3276, W=3276, U=0, E=0)
2026-04-30 16:45:30.628 INFO  <water_etl_pipeline - update fact> [/etl/water_etl_pipeline.ktr]  Finished processing (I=0, O=3276, R=3276, W=3276, U=0, E=0)
2026-04-30 16:45:30.645 INFO  <main> [/etl/water_etl_pipeline.ktr]   
2026-04-30 16:45:30.646 INFO  <main> [/etl/water_etl_pipeline.ktr]  Step CSV file input.0 ended successfully, processed 3276 lines. ( 1638 lines/s)
2026-04-30 16:45:30.647 INFO  <main> [/etl/water_etl_pipeline.ktr]  Step If field value is null.0 ended successfully, processed 3276 lines. ( 1638 lines/s)
2026-04-30 16:45:30.648 INFO  <main> [/etl/water_etl_pipeline.ktr]  Step Number range.0 ended successfully, processed 3276 lines. ( 1638 lines/s)
2026-04-30 16:45:30.649 INFO  <main> [/etl/water_etl_pipeline.ktr]  Step update dim_hardness.0 ended successfully, processed 3276 lines. ( 1638 lines/s)
2026-04-30 16:45:30.650 INFO  <main> [/etl/water_etl_pipeline.ktr]  Step Number range 2.0 ended successfully, processed 3276 lines. ( 1638 lines/s)
2026-04-30 16:45:30.651 INFO  <main> [/etl/water_etl_pipeline.ktr]  Step update dim_acidity.0 ended successfully, processed 3276 lines. ( 1638 lines/s)
2026-04-30 16:45:30.652 INFO  <main> [/etl/water_etl_pipeline.ktr]  Step Dim_potability lookup.0 ended successfully, processed 6552 lines. ( 3276 lines/s)
2026-04-30 16:45:30.652 INFO  <main> [/etl/water_etl_pipeline.ktr]  Step update fact.0 ended successfully, processed 3276 lines. ( 1638 lines/s)
2026-04-30 16:45:30.652 INFO  <main> [/etl/water_etl_pipeline.ktr]  Step JSON output.0 ended successfully, processed 3276 lines. ( 1638 lines/s)
2026-04-30 16:57:56.599 INFO  <main> [/etl/water_etl_pipeline.ktr]  Dispatching started for transformation [water_etl_pipeline]
2026-04-30 16:57:57.284 INFO  <init of update fact.0 (Thread-13)> [/etl/water_etl_pipeline.ktr]  Connected to database [data_warehouse] (commit=1000)
2026-04-30 16:57:57.357 INFO  <water_etl_pipeline - CSV file input> [/etl/water_etl_pipeline.ktr]  Header row skipped in file '/data/raw/water_potability.csv'
2026-04-30 16:57:57.908 INFO  <water_etl_pipeline - CSV file input> [/etl/water_etl_pipeline.ktr]  Finished processing (I=3277, O=0, R=0, W=3276, U=0, E=0)
2026-04-30 16:57:57.911 INFO  <water_etl_pipeline - If field value is null> [/etl/water_etl_pipeline.ktr]  Finished processing (I=0, O=0, R=3276, W=3276, U=0, E=0)
2026-04-30 16:57:57.918 INFO  <water_etl_pipeline - Number range> [/etl/water_etl_pipeline.ktr]  Finished processing (I=0, O=0, R=3276, W=3276, U=0, E=0)
2026-04-30 16:57:57.934 INFO  <water_etl_pipeline - update dim_hardness> [/etl/water_etl_pipeline.ktr]  Finished processing (I=4, O=0, R=3276, W=3276, U=0, E=0)
2026-04-30 16:57:57.934 INFO  <water_etl_pipeline - Number range 2> [/etl/water_etl_pipeline.ktr]  Finished processing (I=0, O=0, R=3276, W=3276, U=0, E=0)
2026-04-30 16:57:57.957 INFO  <water_etl_pipeline - update dim_acidity> [/etl/water_etl_pipeline.ktr]  Finished processing (I=3, O=0, R=3276, W=3276, U=0, E=0)
2026-04-30 16:58:00.377 INFO  <water_etl_pipeline - Dim_potability lookup> [/etl/water_etl_pipeline.ktr]  Finished processing (I=3276, O=0, R=3276, W=6552, U=0, E=0)
2026-04-30 16:58:00.807 INFO  <water_etl_pipeline - JSON output> [/etl/water_etl_pipeline.ktr]  Finished processing (I=0, O=3276, R=3276, W=3276, U=0, E=0)
2026-04-30 16:58:01.014 INFO  <water_etl_pipeline - update fact> [/etl/water_etl_pipeline.ktr]  Finished processing (I=0, O=3276, R=3276, W=3276, U=0, E=0)
2026-04-30 16:58:01.039 INFO  <main> [/etl/water_etl_pipeline.ktr]   
2026-04-30 16:58:01.039 INFO  <main> [/etl/water_etl_pipeline.ktr]  Step CSV file input.0 ended successfully, processed 3276 lines. ( 819 lines/s)
2026-04-30 16:58:01.040 INFO  <main> [/etl/water_etl_pipeline.ktr]  Step If field value is null.0 ended successfully, processed 3276 lines. ( 819 lines/s)
2026-04-30 16:58:01.041 INFO  <main> [/etl/water_etl_pipeline.ktr]  Step Number range.0 ended successfully, processed 3276 lines. ( 819 lines/s)
2026-04-30 16:58:01.042 INFO  <main> [/etl/water_etl_pipeline.ktr]  Step update dim_hardness.0 ended successfully, processed 3276 lines. ( 819 lines/s)
2026-04-30 16:58:01.042 INFO  <main> [/etl/water_etl_pipeline.ktr]  Step Number range 2.0 ended successfully, processed 3276 lines. ( 819 lines/s)
2026-04-30 16:58:01.042 INFO  <main> [/etl/water_etl_pipeline.ktr]  Step update dim_acidity.0 ended successfully, processed 3276 lines. ( 819 lines/s)
2026-04-30 16:58:01.043 INFO  <main> [/etl/water_etl_pipeline.ktr]  Step Dim_potability lookup.0 ended successfully, processed 6552 lines. ( 1638 lines/s)
2026-04-30 16:58:01.044 INFO  <main> [/etl/water_etl_pipeline.ktr]  Step update fact.0 ended successfully, processed 3276 lines. ( 819 lines/s)
2026-04-30 16:58:01.044 INFO  <main> [/etl/water_etl_pipeline.ktr]  Step JSON output.0 ended successfully, processed 3276 lines. ( 819 lines/s)
2026-04-30 17:05:59.244 INFO  <main> [/etl/water_etl_pipeline.ktr]  Dispatching started for transformation [water_etl_pipeline]
2026-04-30 17:05:59.948 INFO  <init of update fact.0 (Thread-13)> [/etl/water_etl_pipeline.ktr]  Connected to database [data_warehouse] (commit=1000)
2026-04-30 17:06:00.042 INFO  <water_etl_pipeline - CSV file input> [/etl/water_etl_pipeline.ktr]  Header row skipped in file '/data/raw/water_potability.csv'
2026-04-30 17:06:00.718 INFO  <water_etl_pipeline - CSV file input> [/etl/water_etl_pipeline.ktr]  Finished processing (I=3277, O=0, R=0, W=3276, U=0, E=0)
2026-04-30 17:06:00.732 INFO  <water_etl_pipeline - If field value is null> [/etl/water_etl_pipeline.ktr]  Finished processing (I=0, O=0, R=3276, W=3276, U=0, E=0)
2026-04-30 17:06:00.748 INFO  <water_etl_pipeline - Number range> [/etl/water_etl_pipeline.ktr]  Finished processing (I=0, O=0, R=3276, W=3276, U=0, E=0)
2026-04-30 17:06:00.756 INFO  <water_etl_pipeline - Number range 2> [/etl/water_etl_pipeline.ktr]  Finished processing (I=0, O=0, R=3276, W=3276, U=0, E=0)
2026-04-30 17:06:00.763 INFO  <water_etl_pipeline - update dim_hardness> [/etl/water_etl_pipeline.ktr]  Finished processing (I=4, O=0, R=3276, W=3276, U=0, E=0)
2026-04-30 17:06:00.777 INFO  <water_etl_pipeline - update dim_acidity> [/etl/water_etl_pipeline.ktr]  Finished processing (I=3, O=0, R=3276, W=3276, U=0, E=0)
2026-04-30 17:06:02.152 INFO  <water_etl_pipeline - Dim_potability lookup> [/etl/water_etl_pipeline.ktr]  Finished processing (I=3276, O=0, R=3276, W=6552, U=0, E=0)
2026-04-30 17:06:02.386 INFO  <water_etl_pipeline - JSON output> [/etl/water_etl_pipeline.ktr]  Finished processing (I=0, O=3276, R=3276, W=3276, U=0, E=0)
2026-04-30 17:06:02.470 INFO  <water_etl_pipeline - update fact> [/etl/water_etl_pipeline.ktr]  Finished processing (I=0, O=3276, R=3276, W=3276, U=0, E=0)
2026-04-30 17:06:02.484 INFO  <main> [/etl/water_etl_pipeline.ktr]   
2026-04-30 17:06:02.485 INFO  <main> [/etl/water_etl_pipeline.ktr]  Step CSV file input.0 ended successfully, processed 3276 lines. ( 1092 lines/s)
2026-04-30 17:06:02.485 INFO  <main> [/etl/water_etl_pipeline.ktr]  Step If field value is null.0 ended successfully, processed 3276 lines. ( 1092 lines/s)
2026-04-30 17:06:02.486 INFO  <main> [/etl/water_etl_pipeline.ktr]  Step Number range.0 ended successfully, processed 3276 lines. ( 1092 lines/s)
2026-04-30 17:06:02.486 INFO  <main> [/etl/water_etl_pipeline.ktr]  Step update dim_hardness.0 ended successfully, processed 3276 lines. ( 1092 lines/s)
2026-04-30 17:06:02.486 INFO  <main> [/etl/water_etl_pipeline.ktr]  Step Number range 2.0 ended successfully, processed 3276 lines. ( 1092 lines/s)
2026-04-30 17:06:02.487 INFO  <main> [/etl/water_etl_pipeline.ktr]  Step update dim_acidity.0 ended successfully, processed 3276 lines. ( 1092 lines/s)
2026-04-30 17:06:02.487 INFO  <main> [/etl/water_etl_pipeline.ktr]  Step Dim_potability lookup.0 ended successfully, processed 6552 lines. ( 2184 lines/s)
2026-04-30 17:06:02.488 INFO  <main> [/etl/water_etl_pipeline.ktr]  Step update fact.0 ended successfully, processed 3276 lines. ( 1092 lines/s)
2026-04-30 17:06:02.488 INFO  <main> [/etl/water_etl_pipeline.ktr]  Step JSON output.0 ended successfully, processed 3276 lines. ( 1092 lines/s)
2026-04-30 17:07:47.173 INFO  <main> [/etl/water_etl_pipeline.ktr]  Dispatching started for transformation [water_etl_pipeline]
2026-04-30 17:07:47.708 INFO  <init of update fact.0 (Thread-13)> [/etl/water_etl_pipeline.ktr]  Connected to database [data_warehouse] (commit=1000)
2026-04-30 17:07:47.780 INFO  <water_etl_pipeline - CSV file input> [/etl/water_etl_pipeline.ktr]  Header row skipped in file '/data/raw/water_potability.csv'
2026-04-30 17:07:48.388 INFO  <water_etl_pipeline - CSV file input> [/etl/water_etl_pipeline.ktr]  Finished processing (I=3277, O=0, R=0, W=3276, U=0, E=0)
2026-04-30 17:07:48.395 INFO  <water_etl_pipeline - If field value is null> [/etl/water_etl_pipeline.ktr]  Finished processing (I=0, O=0, R=3276, W=3276, U=0, E=0)
2026-04-30 17:07:48.399 INFO  <water_etl_pipeline - Number range> [/etl/water_etl_pipeline.ktr]  Finished processing (I=0, O=0, R=3276, W=3276, U=0, E=0)
2026-04-30 17:07:48.418 INFO  <water_etl_pipeline - Number range 2> [/etl/water_etl_pipeline.ktr]  Finished processing (I=0, O=0, R=3276, W=3276, U=0, E=0)
2026-04-30 17:07:48.418 INFO  <water_etl_pipeline - update dim_hardness> [/etl/water_etl_pipeline.ktr]  Finished processing (I=4, O=0, R=3276, W=3276, U=0, E=0)
2026-04-30 17:07:48.423 INFO  <water_etl_pipeline - update dim_acidity> [/etl/water_etl_pipeline.ktr]  Finished processing (I=3, O=0, R=3276, W=3276, U=0, E=0)
2026-04-30 17:07:49.715 INFO  <water_etl_pipeline - Dim_potability lookup> [/etl/water_etl_pipeline.ktr]  Finished processing (I=3276, O=0, R=3276, W=6552, U=0, E=0)
2026-04-30 17:07:50.065 INFO  <water_etl_pipeline - JSON output> [/etl/water_etl_pipeline.ktr]  Finished processing (I=0, O=3276, R=3276, W=3276, U=0, E=0)
2026-04-30 17:07:50.305 INFO  <water_etl_pipeline - update fact> [/etl/water_etl_pipeline.ktr]  Finished processing (I=0, O=3276, R=3276, W=3276, U=0, E=0)
2026-04-30 17:07:50.344 INFO  <main> [/etl/water_etl_pipeline.ktr]   
2026-04-30 17:07:50.345 INFO  <main> [/etl/water_etl_pipeline.ktr]  Step CSV file input.0 ended successfully, processed 3276 lines. ( 1092 lines/s)
2026-04-30 17:07:50.356 INFO  <main> [/etl/water_etl_pipeline.ktr]  Step If field value is null.0 ended successfully, processed 3276 lines. ( 1092 lines/s)
2026-04-30 17:07:50.358 INFO  <main> [/etl/water_etl_pipeline.ktr]  Step Number range.0 ended successfully, processed 3276 lines. ( 1092 lines/s)
2026-04-30 17:07:50.360 INFO  <main> [/etl/water_etl_pipeline.ktr]  Step update dim_hardness.0 ended successfully, processed 3276 lines. ( 1092 lines/s)
2026-04-30 17:07:50.363 INFO  <main> [/etl/water_etl_pipeline.ktr]  Step Number range 2.0 ended successfully, processed 3276 lines. ( 1092 lines/s)
2026-04-30 17:07:50.364 INFO  <main> [/etl/water_etl_pipeline.ktr]  Step update dim_acidity.0 ended successfully, processed 3276 lines. ( 1092 lines/s)
2026-04-30 17:07:50.364 INFO  <main> [/etl/water_etl_pipeline.ktr]  Step Dim_potability lookup.0 ended successfully, processed 6552 lines. ( 2184 lines/s)
2026-04-30 17:07:50.366 INFO  <main> [/etl/water_etl_pipeline.ktr]  Step update fact.0 ended successfully, processed 3276 lines. ( 1092 lines/s)
2026-04-30 17:07:50.368 INFO  <main> [/etl/water_etl_pipeline.ktr]  Step JSON output.0 ended successfully, processed 3276 lines. ( 1092 lines/s)
2026-04-30 17:13:22.491 INFO  <main> [/etl/water_etl_pipeline.ktr]  Dispatching started for transformation [water_etl_pipeline]
2026-04-30 17:13:22.994 INFO  <init of update fact.0 (Thread-13)> [/etl/water_etl_pipeline.ktr]  Connected to database [data_warehouse] (commit=1000)
2026-04-30 17:13:23.062 INFO  <water_etl_pipeline - CSV file input> [/etl/water_etl_pipeline.ktr]  Header row skipped in file '/data/raw/water_potability.csv'
2026-04-30 17:13:23.485 INFO  <water_etl_pipeline - CSV file input> [/etl/water_etl_pipeline.ktr]  Finished processing (I=3277, O=0, R=0, W=3276, U=0, E=0)
2026-04-30 17:13:23.490 INFO  <water_etl_pipeline - If field value is null> [/etl/water_etl_pipeline.ktr]  Finished processing (I=0, O=0, R=3276, W=3276, U=0, E=0)
2026-04-30 17:13:23.502 INFO  <water_etl_pipeline - Number range> [/etl/water_etl_pipeline.ktr]  Finished processing (I=0, O=0, R=3276, W=3276, U=0, E=0)
2026-04-30 17:13:23.503 INFO  <water_etl_pipeline - update dim_hardness> [/etl/water_etl_pipeline.ktr]  Finished processing (I=4, O=0, R=3276, W=3276, U=0, E=0)
2026-04-30 17:13:23.503 INFO  <water_etl_pipeline - Number range 2> [/etl/water_etl_pipeline.ktr]  Finished processing (I=0, O=0, R=3276, W=3276, U=0, E=0)
2026-04-30 17:13:23.512 INFO  <water_etl_pipeline - update dim_acidity> [/etl/water_etl_pipeline.ktr]  Finished processing (I=3, O=0, R=3276, W=3276, U=0, E=0)
2026-04-30 17:13:24.508 INFO  <water_etl_pipeline - Dim_potability lookup> [/etl/water_etl_pipeline.ktr]  Finished processing (I=3276, O=0, R=3276, W=6552, U=0, E=0)
2026-04-30 17:13:24.703 INFO  <water_etl_pipeline - JSON output> [/etl/water_etl_pipeline.ktr]  Finished processing (I=0, O=3276, R=3276, W=3276, U=0, E=0)
2026-04-30 17:13:24.832 INFO  <water_etl_pipeline - update fact> [/etl/water_etl_pipeline.ktr]  Finished processing (I=0, O=3276, R=3276, W=3276, U=0, E=0)
2026-04-30 17:13:24.848 INFO  <main> [/etl/water_etl_pipeline.ktr]   
2026-04-30 17:13:24.849 INFO  <main> [/etl/water_etl_pipeline.ktr]  Step CSV file input.0 ended successfully, processed 3276 lines. ( 1638 lines/s)
2026-04-30 17:13:24.849 INFO  <main> [/etl/water_etl_pipeline.ktr]  Step If field value is null.0 ended successfully, processed 3276 lines. ( 1638 lines/s)
2026-04-30 17:13:24.850 INFO  <main> [/etl/water_etl_pipeline.ktr]  Step Number range.0 ended successfully, processed 3276 lines. ( 1638 lines/s)
2026-04-30 17:13:24.851 INFO  <main> [/etl/water_etl_pipeline.ktr]  Step update dim_hardness.0 ended successfully, processed 3276 lines. ( 1638 lines/s)
2026-04-30 17:13:24.852 INFO  <main> [/etl/water_etl_pipeline.ktr]  Step Number range 2.0 ended successfully, processed 3276 lines. ( 1638 lines/s)
2026-04-30 17:13:24.853 INFO  <main> [/etl/water_etl_pipeline.ktr]  Step update dim_acidity.0 ended successfully, processed 3276 lines. ( 1638 lines/s)
2026-04-30 17:13:24.854 INFO  <main> [/etl/water_etl_pipeline.ktr]  Step Dim_potability lookup.0 ended successfully, processed 6552 lines. ( 3276 lines/s)
2026-04-30 17:13:24.855 INFO  <main> [/etl/water_etl_pipeline.ktr]  Step update fact.0 ended successfully, processed 3276 lines. ( 1638 lines/s)
2026-04-30 17:13:24.857 INFO  <main> [/etl/water_etl_pipeline.ktr]  Step JSON output.0 ended successfully, processed 3276 lines. ( 1638 lines/s)
2026-04-30 17:19:37.742 INFO  <main> [/etl/water_etl_pipeline.ktr]  Dispatching started for transformation [water_etl_pipeline]
2026-04-30 17:19:38.267 INFO  <init of update fact.0 (Thread-13)> [/etl/water_etl_pipeline.ktr]  Connected to database [data_warehouse] (commit=1000)
2026-04-30 17:19:38.358 INFO  <water_etl_pipeline - CSV file input> [/etl/water_etl_pipeline.ktr]  Header row skipped in file '/data/raw/water_potability.csv'
2026-04-30 17:19:38.923 INFO  <water_etl_pipeline - CSV file input> [/etl/water_etl_pipeline.ktr]  Finished processing (I=3277, O=0, R=0, W=3276, U=0, E=0)
2026-04-30 17:19:38.929 INFO  <water_etl_pipeline - If field value is null> [/etl/water_etl_pipeline.ktr]  Finished processing (I=0, O=0, R=3276, W=3276, U=0, E=0)
2026-04-30 17:19:38.933 INFO  <water_etl_pipeline - Number range> [/etl/water_etl_pipeline.ktr]  Finished processing (I=0, O=0, R=3276, W=3276, U=0, E=0)
2026-04-30 17:19:38.954 INFO  <water_etl_pipeline - update dim_hardness> [/etl/water_etl_pipeline.ktr]  Finished processing (I=4, O=0, R=3276, W=3276, U=0, E=0)
2026-04-30 17:19:38.959 INFO  <water_etl_pipeline - Number range 2> [/etl/water_etl_pipeline.ktr]  Finished processing (I=0, O=0, R=3276, W=3276, U=0, E=0)
2026-04-30 17:19:38.965 INFO  <water_etl_pipeline - update dim_acidity> [/etl/water_etl_pipeline.ktr]  Finished processing (I=3, O=0, R=3276, W=3276, U=0, E=0)
2026-04-30 17:19:40.090 INFO  <water_etl_pipeline - Dim_potability lookup> [/etl/water_etl_pipeline.ktr]  Finished processing (I=3276, O=0, R=3276, W=6552, U=0, E=0)
2026-04-30 17:19:40.365 INFO  <water_etl_pipeline - JSON output> [/etl/water_etl_pipeline.ktr]  Finished processing (I=0, O=3276, R=3276, W=3276, U=0, E=0)
2026-04-30 17:19:40.535 INFO  <water_etl_pipeline - update fact> [/etl/water_etl_pipeline.ktr]  Finished processing (I=0, O=3276, R=3276, W=3276, U=0, E=0)
2026-04-30 17:19:40.552 INFO  <main> [/etl/water_etl_pipeline.ktr]   
2026-04-30 17:19:40.553 INFO  <main> [/etl/water_etl_pipeline.ktr]  Step CSV file input.0 ended successfully, processed 3276 lines. ( 1638 lines/s)
2026-04-30 17:19:40.553 INFO  <main> [/etl/water_etl_pipeline.ktr]  Step If field value is null.0 ended successfully, processed 3276 lines. ( 1638 lines/s)
2026-04-30 17:19:40.554 INFO  <main> [/etl/water_etl_pipeline.ktr]  Step Number range.0 ended successfully, processed 3276 lines. ( 1638 lines/s)
2026-04-30 17:19:40.555 INFO  <main> [/etl/water_etl_pipeline.ktr]  Step update dim_hardness.0 ended successfully, processed 3276 lines. ( 1638 lines/s)
2026-04-30 17:19:40.555 INFO  <main> [/etl/water_etl_pipeline.ktr]  Step Number range 2.0 ended successfully, processed 3276 lines. ( 1638 lines/s)
2026-04-30 17:19:40.556 INFO  <main> [/etl/water_etl_pipeline.ktr]  Step update dim_acidity.0 ended successfully, processed 3276 lines. ( 1638 lines/s)
2026-04-30 17:19:40.556 INFO  <main> [/etl/water_etl_pipeline.ktr]  Step Dim_potability lookup.0 ended successfully, processed 6552 lines. ( 3276 lines/s)
2026-04-30 17:19:40.557 INFO  <main> [/etl/water_etl_pipeline.ktr]  Step update fact.0 ended successfully, processed 3276 lines. ( 1638 lines/s)
2026-04-30 17:19:40.557 INFO  <main> [/etl/water_etl_pipeline.ktr]  Step JSON output.0 ended successfully, processed 3276 lines. ( 1638 lines/s)
