2026-04-18 01:38:20.557 INFO  <main> [/etl/water_etl_pipeline.ktr]  Dispatching started for transformation [water_etl_pipeline]
2026-04-18 01:38:21.549 INFO  <init of update fact.0 (Thread-13)> [/etl/water_etl_pipeline.ktr]  Connected to database [data_warehouse] (commit=1000)
2026-04-18 01:38:21.832 INFO  <water_etl_pipeline - CSV file input> [/etl/water_etl_pipeline.ktr]  Header row skipped in file '/data/raw/water_potability.csv'
2026-04-18 01:38:22.977 INFO  <water_etl_pipeline - CSV file input> [/etl/water_etl_pipeline.ktr]  Finished processing (I=3277, O=0, R=0, W=3276, U=0, E=0)
2026-04-18 01:38:22.982 INFO  <water_etl_pipeline - If field value is null> [/etl/water_etl_pipeline.ktr]  Finished processing (I=0, O=0, R=3276, W=3276, U=0, E=0)
2026-04-18 01:38:22.987 INFO  <water_etl_pipeline - Number range> [/etl/water_etl_pipeline.ktr]  Finished processing (I=0, O=0, R=3276, W=3276, U=0, E=0)
2026-04-18 01:38:23.001 INFO  <water_etl_pipeline - Number range 2> [/etl/water_etl_pipeline.ktr]  Finished processing (I=0, O=0, R=3276, W=3276, U=0, E=0)
2026-04-18 01:38:23.004 INFO  <water_etl_pipeline - update dim_hardness> [/etl/water_etl_pipeline.ktr]  Finished processing (I=4, O=0, R=3276, W=3276, U=0, E=0)
2026-04-18 01:38:23.030 INFO  <water_etl_pipeline - update dim_acidity> [/etl/water_etl_pipeline.ktr]  Finished processing (I=3, O=0, R=3276, W=3276, U=0, E=0)
2026-04-18 01:38:24.267 INFO  <water_etl_pipeline - Dim_potability lookup> [/etl/water_etl_pipeline.ktr]  Finished processing (I=3276, O=0, R=3276, W=3276, U=0, E=0)
2026-04-18 01:38:24.491 INFO  <water_etl_pipeline - JSON output> [/etl/water_etl_pipeline.ktr]  Finished processing (I=0, O=1638, R=1638, W=1638, U=0, E=0)
2026-04-18 01:38:24.635 INFO  <water_etl_pipeline - update fact> [/etl/water_etl_pipeline.ktr]  Finished processing (I=0, O=1638, R=1638, W=1638, U=0, E=0)
2026-04-18 01:38:24.662 INFO  <main> [/etl/water_etl_pipeline.ktr]   
2026-04-18 01:38:24.663 INFO  <main> [/etl/water_etl_pipeline.ktr]  Step CSV file input.0 ended successfully, processed 3276 lines. ( 819 lines/s)
2026-04-18 01:38:24.664 INFO  <main> [/etl/water_etl_pipeline.ktr]  Step If field value is null.0 ended successfully, processed 3276 lines. ( 819 lines/s)
2026-04-18 01:38:24.664 INFO  <main> [/etl/water_etl_pipeline.ktr]  Step Number range.0 ended successfully, processed 3276 lines. ( 819 lines/s)
2026-04-18 01:38:24.666 INFO  <main> [/etl/water_etl_pipeline.ktr]  Step update dim_hardness.0 ended successfully, processed 3276 lines. ( 819 lines/s)
2026-04-18 01:38:24.667 INFO  <main> [/etl/water_etl_pipeline.ktr]  Step Number range 2.0 ended successfully, processed 3276 lines. ( 819 lines/s)
2026-04-18 01:38:24.667 INFO  <main> [/etl/water_etl_pipeline.ktr]  Step update dim_acidity.0 ended successfully, processed 3276 lines. ( 819 lines/s)
2026-04-18 01:38:24.668 INFO  <main> [/etl/water_etl_pipeline.ktr]  Step Dim_potability lookup.0 ended successfully, processed 3276 lines. ( 819 lines/s)
2026-04-18 01:38:24.670 INFO  <main> [/etl/water_etl_pipeline.ktr]  Step update fact.0 ended successfully, processed 1638 lines. ( 409 lines/s)
2026-04-18 01:38:24.670 INFO  <main> [/etl/water_etl_pipeline.ktr]  Step JSON output.0 ended successfully, processed 1638 lines. ( 409 lines/s)
2026-04-18 09:39:03.042 INFO  <main> [/etl/water_etl_pipeline.ktr]  Dispatching started for transformation [water_etl_pipeline]
2026-04-18 09:39:03.822 INFO  <init of update fact.0 (Thread-13)> [/etl/water_etl_pipeline.ktr]  Connected to database [data_warehouse] (commit=1000)
2026-04-18 09:39:03.941 INFO  <water_etl_pipeline - CSV file input> [/etl/water_etl_pipeline.ktr]  Header row skipped in file '/data/raw/water_potability.csv'
2026-04-18 09:39:04.445 INFO  <water_etl_pipeline - CSV file input> [/etl/water_etl_pipeline.ktr]  Finished processing (I=3277, O=0, R=0, W=3276, U=0, E=0)
2026-04-18 09:39:04.453 INFO  <water_etl_pipeline - If field value is null> [/etl/water_etl_pipeline.ktr]  Finished processing (I=0, O=0, R=3276, W=3276, U=0, E=0)
2026-04-18 09:39:04.464 INFO  <water_etl_pipeline - Number range> [/etl/water_etl_pipeline.ktr]  Finished processing (I=0, O=0, R=3276, W=3276, U=0, E=0)
2026-04-18 09:39:04.473 INFO  <water_etl_pipeline - update dim_hardness> [/etl/water_etl_pipeline.ktr]  Finished processing (I=4, O=0, R=3276, W=3276, U=0, E=0)
2026-04-18 09:39:04.476 INFO  <water_etl_pipeline - Number range 2> [/etl/water_etl_pipeline.ktr]  Finished processing (I=0, O=0, R=3276, W=3276, U=0, E=0)
2026-04-18 09:39:04.495 INFO  <water_etl_pipeline - update dim_acidity> [/etl/water_etl_pipeline.ktr]  Finished processing (I=3, O=0, R=3276, W=3276, U=0, E=0)
2026-04-18 09:39:05.527 INFO  <water_etl_pipeline - Dim_potability lookup> [/etl/water_etl_pipeline.ktr]  Finished processing (I=3276, O=0, R=3276, W=3276, U=0, E=0)
2026-04-18 09:39:05.631 INFO  <water_etl_pipeline - JSON output> [/etl/water_etl_pipeline.ktr]  Finished processing (I=0, O=1638, R=1638, W=1638, U=0, E=0)
2026-04-18 09:39:05.704 INFO  <water_etl_pipeline - update fact> [/etl/water_etl_pipeline.ktr]  Finished processing (I=0, O=1638, R=1638, W=1638, U=0, E=0)
2026-04-18 09:39:05.719 INFO  <main> [/etl/water_etl_pipeline.ktr]   
2026-04-18 09:39:05.719 INFO  <main> [/etl/water_etl_pipeline.ktr]  Step CSV file input.0 ended successfully, processed 3276 lines. ( 1638 lines/s)
2026-04-18 09:39:05.720 INFO  <main> [/etl/water_etl_pipeline.ktr]  Step If field value is null.0 ended successfully, processed 3276 lines. ( 1638 lines/s)
2026-04-18 09:39:05.720 INFO  <main> [/etl/water_etl_pipeline.ktr]  Step Number range.0 ended successfully, processed 3276 lines. ( 1638 lines/s)
2026-04-18 09:39:05.721 INFO  <main> [/etl/water_etl_pipeline.ktr]  Step update dim_hardness.0 ended successfully, processed 3276 lines. ( 1638 lines/s)
2026-04-18 09:39:05.722 INFO  <main> [/etl/water_etl_pipeline.ktr]  Step Number range 2.0 ended successfully, processed 3276 lines. ( 1638 lines/s)
2026-04-18 09:39:05.722 INFO  <main> [/etl/water_etl_pipeline.ktr]  Step update dim_acidity.0 ended successfully, processed 3276 lines. ( 1638 lines/s)
2026-04-18 09:39:05.723 INFO  <main> [/etl/water_etl_pipeline.ktr]  Step Dim_potability lookup.0 ended successfully, processed 3276 lines. ( 1638 lines/s)
2026-04-18 09:39:05.723 INFO  <main> [/etl/water_etl_pipeline.ktr]  Step update fact.0 ended successfully, processed 1638 lines. ( 819 lines/s)
2026-04-18 09:39:05.724 INFO  <main> [/etl/water_etl_pipeline.ktr]  Step JSON output.0 ended successfully, processed 1638 lines. ( 819 lines/s)
2026-04-18 09:46:35.612 INFO  <main> [/etl/water_etl_pipeline.ktr]  Dispatching started for transformation [water_etl_pipeline]
2026-04-18 09:46:36.500 INFO  <init of update fact.0 (Thread-13)> [/etl/water_etl_pipeline.ktr]  Connected to database [data_warehouse] (commit=1000)
2026-04-18 09:46:36.683 INFO  <water_etl_pipeline - CSV file input> [/etl/water_etl_pipeline.ktr]  Header row skipped in file '/data/raw/water_potability.csv'
2026-04-18 09:46:38.353 INFO  <water_etl_pipeline - CSV file input> [/etl/water_etl_pipeline.ktr]  Finished processing (I=3277, O=0, R=0, W=3276, U=0, E=0)
2026-04-18 09:46:38.376 INFO  <water_etl_pipeline - If field value is null> [/etl/water_etl_pipeline.ktr]  Finished processing (I=0, O=0, R=3276, W=3276, U=0, E=0)
2026-04-18 09:46:38.398 INFO  <water_etl_pipeline - Number range> [/etl/water_etl_pipeline.ktr]  Finished processing (I=0, O=0, R=3276, W=3276, U=0, E=0)
2026-04-18 09:46:38.414 INFO  <water_etl_pipeline - Number range 2> [/etl/water_etl_pipeline.ktr]  Finished processing (I=0, O=0, R=3276, W=3276, U=0, E=0)
2026-04-18 09:46:38.432 INFO  <water_etl_pipeline - update dim_hardness> [/etl/water_etl_pipeline.ktr]  Finished processing (I=4, O=0, R=3276, W=3276, U=0, E=0)
2026-04-18 09:46:38.433 INFO  <water_etl_pipeline - update dim_acidity> [/etl/water_etl_pipeline.ktr]  Finished processing (I=3, O=0, R=3276, W=3276, U=0, E=0)
2026-04-18 09:46:39.872 INFO  <water_etl_pipeline - Dim_potability lookup> [/etl/water_etl_pipeline.ktr]  Finished processing (I=3276, O=0, R=3276, W=3276, U=0, E=0)
2026-04-18 09:46:40.263 INFO  <water_etl_pipeline - JSON output> [/etl/water_etl_pipeline.ktr]  Finished processing (I=0, O=1638, R=1638, W=1638, U=0, E=0)
2026-04-18 09:46:40.545 INFO  <water_etl_pipeline - update fact> [/etl/water_etl_pipeline.ktr]  Finished processing (I=0, O=1638, R=1638, W=1638, U=0, E=0)
2026-04-18 09:46:40.561 INFO  <main> [/etl/water_etl_pipeline.ktr]   
2026-04-18 09:46:40.561 INFO  <main> [/etl/water_etl_pipeline.ktr]  Step CSV file input.0 ended successfully, processed 3276 lines. ( 819 lines/s)
2026-04-18 09:46:40.562 INFO  <main> [/etl/water_etl_pipeline.ktr]  Step If field value is null.0 ended successfully, processed 3276 lines. ( 819 lines/s)
2026-04-18 09:46:40.562 INFO  <main> [/etl/water_etl_pipeline.ktr]  Step Number range.0 ended successfully, processed 3276 lines. ( 819 lines/s)
2026-04-18 09:46:40.562 INFO  <main> [/etl/water_etl_pipeline.ktr]  Step update dim_hardness.0 ended successfully, processed 3276 lines. ( 819 lines/s)
2026-04-18 09:46:40.563 INFO  <main> [/etl/water_etl_pipeline.ktr]  Step Number range 2.0 ended successfully, processed 3276 lines. ( 819 lines/s)
2026-04-18 09:46:40.563 INFO  <main> [/etl/water_etl_pipeline.ktr]  Step update dim_acidity.0 ended successfully, processed 3276 lines. ( 819 lines/s)
2026-04-18 09:46:40.564 INFO  <main> [/etl/water_etl_pipeline.ktr]  Step Dim_potability lookup.0 ended successfully, processed 3276 lines. ( 819 lines/s)
2026-04-18 09:46:40.565 INFO  <main> [/etl/water_etl_pipeline.ktr]  Step update fact.0 ended successfully, processed 1638 lines. ( 409 lines/s)
2026-04-18 09:46:40.565 INFO  <main> [/etl/water_etl_pipeline.ktr]  Step JSON output.0 ended successfully, processed 1638 lines. ( 409 lines/s)
2026-04-18 09:59:22.839 INFO  <main> [/etl/water_etl_pipeline.ktr]  Dispatching started for transformation [water_etl_pipeline]
2026-04-18 09:59:23.779 INFO  <init of update fact.0 (Thread-13)> [/etl/water_etl_pipeline.ktr]  Connected to database [data_warehouse] (commit=1000)
2026-04-18 09:59:24.034 INFO  <water_etl_pipeline - CSV file input> [/etl/water_etl_pipeline.ktr]  Header row skipped in file '/data/raw/water_potability.csv'
2026-04-18 09:59:25.124 INFO  <water_etl_pipeline - CSV file input> [/etl/water_etl_pipeline.ktr]  Finished processing (I=3277, O=0, R=0, W=3276, U=0, E=0)
2026-04-18 09:59:25.127 INFO  <water_etl_pipeline - If field value is null> [/etl/water_etl_pipeline.ktr]  Finished processing (I=0, O=0, R=3276, W=3276, U=0, E=0)
2026-04-18 09:59:25.137 INFO  <water_etl_pipeline - Number range> [/etl/water_etl_pipeline.ktr]  Finished processing (I=0, O=0, R=3276, W=3276, U=0, E=0)
2026-04-18 09:59:25.152 INFO  <water_etl_pipeline - update dim_hardness> [/etl/water_etl_pipeline.ktr]  Finished processing (I=4, O=0, R=3276, W=3276, U=0, E=0)
2026-04-18 09:59:25.160 INFO  <water_etl_pipeline - Number range 2> [/etl/water_etl_pipeline.ktr]  Finished processing (I=0, O=0, R=3276, W=3276, U=0, E=0)
2026-04-18 09:59:25.181 INFO  <water_etl_pipeline - update dim_acidity> [/etl/water_etl_pipeline.ktr]  Finished processing (I=3, O=0, R=3276, W=3276, U=0, E=0)
2026-04-18 09:59:26.440 INFO  <water_etl_pipeline - Dim_potability lookup> [/etl/water_etl_pipeline.ktr]  Finished processing (I=3276, O=0, R=3276, W=3276, U=0, E=0)
2026-04-18 09:59:26.673 INFO  <water_etl_pipeline - JSON output> [/etl/water_etl_pipeline.ktr]  Finished processing (I=0, O=1638, R=1638, W=1638, U=0, E=0)
2026-04-18 09:59:26.856 INFO  <water_etl_pipeline - update fact> [/etl/water_etl_pipeline.ktr]  Finished processing (I=0, O=1638, R=1638, W=1638, U=0, E=0)
2026-04-18 09:59:26.884 INFO  <main> [/etl/water_etl_pipeline.ktr]   
2026-04-18 09:59:26.885 INFO  <main> [/etl/water_etl_pipeline.ktr]  Step CSV file input.0 ended successfully, processed 3276 lines. ( 819 lines/s)
2026-04-18 09:59:26.886 INFO  <main> [/etl/water_etl_pipeline.ktr]  Step If field value is null.0 ended successfully, processed 3276 lines. ( 819 lines/s)
2026-04-18 09:59:26.887 INFO  <main> [/etl/water_etl_pipeline.ktr]  Step Number range.0 ended successfully, processed 3276 lines. ( 819 lines/s)
2026-04-18 09:59:26.887 INFO  <main> [/etl/water_etl_pipeline.ktr]  Step update dim_hardness.0 ended successfully, processed 3276 lines. ( 819 lines/s)
2026-04-18 09:59:26.888 INFO  <main> [/etl/water_etl_pipeline.ktr]  Step Number range 2.0 ended successfully, processed 3276 lines. ( 819 lines/s)
2026-04-18 09:59:26.888 INFO  <main> [/etl/water_etl_pipeline.ktr]  Step update dim_acidity.0 ended successfully, processed 3276 lines. ( 819 lines/s)
2026-04-18 09:59:26.889 INFO  <main> [/etl/water_etl_pipeline.ktr]  Step Dim_potability lookup.0 ended successfully, processed 3276 lines. ( 819 lines/s)
2026-04-18 09:59:26.889 INFO  <main> [/etl/water_etl_pipeline.ktr]  Step update fact.0 ended successfully, processed 1638 lines. ( 409 lines/s)
2026-04-18 09:59:26.889 INFO  <main> [/etl/water_etl_pipeline.ktr]  Step JSON output.0 ended successfully, processed 1638 lines. ( 409 lines/s)
2026-04-18 10:12:11.562 INFO  <main> [/etl/water_etl_pipeline.ktr]  Dispatching started for transformation [water_etl_pipeline]
2026-04-18 10:12:12.196 INFO  <init of update fact.0 (Thread-13)> [/etl/water_etl_pipeline.ktr]  Connected to database [data_warehouse] (commit=1000)
2026-04-18 10:12:12.299 INFO  <water_etl_pipeline - CSV file input> [/etl/water_etl_pipeline.ktr]  Header row skipped in file '/data/raw/water_potability.csv'
2026-04-18 10:12:13.291 INFO  <water_etl_pipeline - CSV file input> [/etl/water_etl_pipeline.ktr]  Finished processing (I=3277, O=0, R=0, W=3276, U=0, E=0)
2026-04-18 10:12:13.310 INFO  <water_etl_pipeline - If field value is null> [/etl/water_etl_pipeline.ktr]  Finished processing (I=0, O=0, R=3276, W=3276, U=0, E=0)
2026-04-18 10:12:13.330 INFO  <water_etl_pipeline - Number range> [/etl/water_etl_pipeline.ktr]  Finished processing (I=0, O=0, R=3276, W=3276, U=0, E=0)
2026-04-18 10:12:13.365 INFO  <water_etl_pipeline - update dim_hardness> [/etl/water_etl_pipeline.ktr]  Finished processing (I=4, O=0, R=3276, W=3276, U=0, E=0)
2026-04-18 10:12:13.369 INFO  <water_etl_pipeline - Number range 2> [/etl/water_etl_pipeline.ktr]  Finished processing (I=0, O=0, R=3276, W=3276, U=0, E=0)
2026-04-18 10:12:13.387 INFO  <water_etl_pipeline - update dim_acidity> [/etl/water_etl_pipeline.ktr]  Finished processing (I=3, O=0, R=3276, W=3276, U=0, E=0)
2026-04-18 10:12:15.567 INFO  <water_etl_pipeline - Dim_potability lookup> [/etl/water_etl_pipeline.ktr]  Finished processing (I=3276, O=0, R=3276, W=3276, U=0, E=0)
2026-04-18 10:12:15.903 INFO  <water_etl_pipeline - JSON output> [/etl/water_etl_pipeline.ktr]  Finished processing (I=0, O=1638, R=1638, W=1638, U=0, E=0)
2026-04-18 10:12:15.910 INFO  <water_etl_pipeline - update fact> [/etl/water_etl_pipeline.ktr]  Finished processing (I=0, O=1638, R=1638, W=1638, U=0, E=0)
2026-04-18 10:12:15.955 INFO  <main> [/etl/water_etl_pipeline.ktr]   
2026-04-18 10:12:15.955 INFO  <main> [/etl/water_etl_pipeline.ktr]  Step CSV file input.0 ended successfully, processed 3276 lines. ( 819 lines/s)
2026-04-18 10:12:15.956 INFO  <main> [/etl/water_etl_pipeline.ktr]  Step If field value is null.0 ended successfully, processed 3276 lines. ( 819 lines/s)
2026-04-18 10:12:15.958 INFO  <main> [/etl/water_etl_pipeline.ktr]  Step Number range.0 ended successfully, processed 3276 lines. ( 819 lines/s)
2026-04-18 10:12:15.962 INFO  <main> [/etl/water_etl_pipeline.ktr]  Step update dim_hardness.0 ended successfully, processed 3276 lines. ( 819 lines/s)
2026-04-18 10:12:15.963 INFO  <main> [/etl/water_etl_pipeline.ktr]  Step Number range 2.0 ended successfully, processed 3276 lines. ( 819 lines/s)
2026-04-18 10:12:15.969 INFO  <main> [/etl/water_etl_pipeline.ktr]  Step update dim_acidity.0 ended successfully, processed 3276 lines. ( 819 lines/s)
2026-04-18 10:12:15.969 INFO  <main> [/etl/water_etl_pipeline.ktr]  Step Dim_potability lookup.0 ended successfully, processed 3276 lines. ( 819 lines/s)
2026-04-18 10:12:15.970 INFO  <main> [/etl/water_etl_pipeline.ktr]  Step update fact.0 ended successfully, processed 1638 lines. ( 409 lines/s)
2026-04-18 10:12:15.972 INFO  <main> [/etl/water_etl_pipeline.ktr]  Step JSON output.0 ended successfully, processed 1638 lines. ( 409 lines/s)
2026-04-18 10:19:50.869 INFO  <main> [/etl/water_etl_pipeline.ktr]  Dispatching started for transformation [water_etl_pipeline]
2026-04-18 10:19:51.644 INFO  <init of update fact.0 (Thread-13)> [/etl/water_etl_pipeline.ktr]  Connected to database [data_warehouse] (commit=1000)
2026-04-18 10:19:51.847 INFO  <water_etl_pipeline - CSV file input> [/etl/water_etl_pipeline.ktr]  Header row skipped in file '/data/raw/water_potability.csv'
2026-04-18 10:19:53.448 INFO  <water_etl_pipeline - CSV file input> [/etl/water_etl_pipeline.ktr]  Finished processing (I=3277, O=0, R=0, W=3276, U=0, E=0)
2026-04-18 10:19:53.500 INFO  <water_etl_pipeline - If field value is null> [/etl/water_etl_pipeline.ktr]  Finished processing (I=0, O=0, R=3276, W=3276, U=0, E=0)
2026-04-18 10:19:53.517 INFO  <water_etl_pipeline - Number range> [/etl/water_etl_pipeline.ktr]  Finished processing (I=0, O=0, R=3276, W=3276, U=0, E=0)
2026-04-18 10:19:53.568 INFO  <water_etl_pipeline - update dim_hardness> [/etl/water_etl_pipeline.ktr]  Finished processing (I=4, O=0, R=3276, W=3276, U=0, E=0)
2026-04-18 10:19:53.587 INFO  <water_etl_pipeline - Number range 2> [/etl/water_etl_pipeline.ktr]  Finished processing (I=0, O=0, R=3276, W=3276, U=0, E=0)
2026-04-18 10:19:53.611 INFO  <water_etl_pipeline - update dim_acidity> [/etl/water_etl_pipeline.ktr]  Finished processing (I=3, O=0, R=3276, W=3276, U=0, E=0)
2026-04-18 10:19:55.057 INFO  <water_etl_pipeline - Dim_potability lookup> [/etl/water_etl_pipeline.ktr]  Finished processing (I=3276, O=0, R=3276, W=3276, U=0, E=0)
2026-04-18 10:19:55.290 INFO  <water_etl_pipeline - JSON output> [/etl/water_etl_pipeline.ktr]  Finished processing (I=0, O=1638, R=1638, W=1638, U=0, E=0)
2026-04-18 10:19:55.315 INFO  <water_etl_pipeline - update fact> [/etl/water_etl_pipeline.ktr]  Finished processing (I=0, O=1638, R=1638, W=1638, U=0, E=0)
2026-04-18 10:19:55.341 INFO  <main> [/etl/water_etl_pipeline.ktr]   
2026-04-18 10:19:55.342 INFO  <main> [/etl/water_etl_pipeline.ktr]  Step CSV file input.0 ended successfully, processed 3276 lines. ( 819 lines/s)
2026-04-18 10:19:55.342 INFO  <main> [/etl/water_etl_pipeline.ktr]  Step If field value is null.0 ended successfully, processed 3276 lines. ( 819 lines/s)
2026-04-18 10:19:55.347 INFO  <main> [/etl/water_etl_pipeline.ktr]  Step Number range.0 ended successfully, processed 3276 lines. ( 819 lines/s)
2026-04-18 10:19:55.348 INFO  <main> [/etl/water_etl_pipeline.ktr]  Step update dim_hardness.0 ended successfully, processed 3276 lines. ( 819 lines/s)
2026-04-18 10:19:55.349 INFO  <main> [/etl/water_etl_pipeline.ktr]  Step Number range 2.0 ended successfully, processed 3276 lines. ( 819 lines/s)
2026-04-18 10:19:55.349 INFO  <main> [/etl/water_etl_pipeline.ktr]  Step update dim_acidity.0 ended successfully, processed 3276 lines. ( 819 lines/s)
2026-04-18 10:19:55.349 INFO  <main> [/etl/water_etl_pipeline.ktr]  Step Dim_potability lookup.0 ended successfully, processed 3276 lines. ( 819 lines/s)
2026-04-18 10:19:55.350 INFO  <main> [/etl/water_etl_pipeline.ktr]  Step update fact.0 ended successfully, processed 1638 lines. ( 409 lines/s)
2026-04-18 10:19:55.350 INFO  <main> [/etl/water_etl_pipeline.ktr]  Step JSON output.0 ended successfully, processed 1638 lines. ( 409 lines/s)
2026-04-18 10:45:34.270 INFO  <main> [/etl/water_etl_pipeline.ktr]  Dispatching started for transformation [water_etl_pipeline]
2026-04-18 10:45:34.984 INFO  <init of update fact.0 (Thread-13)> [/etl/water_etl_pipeline.ktr]  Connected to database [data_warehouse] (commit=1000)
2026-04-18 10:45:35.179 INFO  <water_etl_pipeline - CSV file input> [/etl/water_etl_pipeline.ktr]  Header row skipped in file '/data/raw/water_potability.csv'
2026-04-18 10:45:36.006 INFO  <water_etl_pipeline - CSV file input> [/etl/water_etl_pipeline.ktr]  Finished processing (I=3277, O=0, R=0, W=3276, U=0, E=0)
2026-04-18 10:45:36.008 INFO  <water_etl_pipeline - If field value is null> [/etl/water_etl_pipeline.ktr]  Finished processing (I=0, O=0, R=3276, W=3276, U=0, E=0)
2026-04-18 10:45:36.023 INFO  <water_etl_pipeline - Number range> [/etl/water_etl_pipeline.ktr]  Finished processing (I=0, O=0, R=3276, W=3276, U=0, E=0)
2026-04-18 10:45:36.037 INFO  <water_etl_pipeline - update dim_hardness> [/etl/water_etl_pipeline.ktr]  Finished processing (I=4, O=0, R=3276, W=3276, U=0, E=0)
2026-04-18 10:45:36.042 INFO  <water_etl_pipeline - Number range 2> [/etl/water_etl_pipeline.ktr]  Finished processing (I=0, O=0, R=3276, W=3276, U=0, E=0)
2026-04-18 10:45:36.044 INFO  <water_etl_pipeline - update dim_acidity> [/etl/water_etl_pipeline.ktr]  Finished processing (I=3, O=0, R=3276, W=3276, U=0, E=0)
2026-04-18 10:45:37.188 INFO  <water_etl_pipeline - Dim_potability lookup> [/etl/water_etl_pipeline.ktr]  Finished processing (I=3276, O=0, R=3276, W=3276, U=0, E=0)
2026-04-18 10:45:37.340 INFO  <water_etl_pipeline - JSON output> [/etl/water_etl_pipeline.ktr]  Finished processing (I=0, O=1638, R=1638, W=1638, U=0, E=0)
2026-04-18 10:45:37.425 INFO  <water_etl_pipeline - update fact> [/etl/water_etl_pipeline.ktr]  Finished processing (I=0, O=1638, R=1638, W=1638, U=0, E=0)
2026-04-18 10:45:37.457 INFO  <main> [/etl/water_etl_pipeline.ktr]   
2026-04-18 10:45:37.457 INFO  <main> [/etl/water_etl_pipeline.ktr]  Step CSV file input.0 ended successfully, processed 3276 lines. ( 1092 lines/s)
2026-04-18 10:45:37.458 INFO  <main> [/etl/water_etl_pipeline.ktr]  Step If field value is null.0 ended successfully, processed 3276 lines. ( 1092 lines/s)
2026-04-18 10:45:37.460 INFO  <main> [/etl/water_etl_pipeline.ktr]  Step Number range.0 ended successfully, processed 3276 lines. ( 1092 lines/s)
2026-04-18 10:45:37.461 INFO  <main> [/etl/water_etl_pipeline.ktr]  Step update dim_hardness.0 ended successfully, processed 3276 lines. ( 1092 lines/s)
2026-04-18 10:45:37.462 INFO  <main> [/etl/water_etl_pipeline.ktr]  Step Number range 2.0 ended successfully, processed 3276 lines. ( 1092 lines/s)
2026-04-18 10:45:37.462 INFO  <main> [/etl/water_etl_pipeline.ktr]  Step update dim_acidity.0 ended successfully, processed 3276 lines. ( 1092 lines/s)
2026-04-18 10:45:37.463 INFO  <main> [/etl/water_etl_pipeline.ktr]  Step Dim_potability lookup.0 ended successfully, processed 3276 lines. ( 1092 lines/s)
2026-04-18 10:45:37.463 INFO  <main> [/etl/water_etl_pipeline.ktr]  Step update fact.0 ended successfully, processed 1638 lines. ( 546 lines/s)
2026-04-18 10:45:37.463 INFO  <main> [/etl/water_etl_pipeline.ktr]  Step JSON output.0 ended successfully, processed 1638 lines. ( 546 lines/s)
