2026-04-21 05:01:09.397 INFO  <main> [/etl/water_etl_pipeline.ktr]  Dispatching started for transformation [water_etl_pipeline]
2026-04-21 05:01:09.898 INFO  <init of update fact.0 (Thread-13)> [/etl/water_etl_pipeline.ktr]  Connected to database [data_warehouse] (commit=1000)
2026-04-21 05:01:09.974 INFO  <water_etl_pipeline - CSV file input> [/etl/water_etl_pipeline.ktr]  Header row skipped in file '/data/raw/water_potability.csv'
2026-04-21 05:01:10.394 INFO  <water_etl_pipeline - CSV file input> [/etl/water_etl_pipeline.ktr]  Finished processing (I=3277, O=0, R=0, W=3276, U=0, E=0)
2026-04-21 05:01:10.400 INFO  <water_etl_pipeline - If field value is null> [/etl/water_etl_pipeline.ktr]  Finished processing (I=0, O=0, R=3276, W=3276, U=0, E=0)
2026-04-21 05:01:10.406 INFO  <water_etl_pipeline - Number range> [/etl/water_etl_pipeline.ktr]  Finished processing (I=0, O=0, R=3276, W=3276, U=0, E=0)
2026-04-21 05:01:10.415 INFO  <water_etl_pipeline - update dim_hardness> [/etl/water_etl_pipeline.ktr]  Finished processing (I=4, O=0, R=3276, W=3276, U=0, E=0)
2026-04-21 05:01:10.418 INFO  <water_etl_pipeline - Number range 2> [/etl/water_etl_pipeline.ktr]  Finished processing (I=0, O=0, R=3276, W=3276, U=0, E=0)
2026-04-21 05:01:10.427 INFO  <water_etl_pipeline - update dim_acidity> [/etl/water_etl_pipeline.ktr]  Finished processing (I=3, O=0, R=3276, W=3276, U=0, E=0)
2026-04-21 05:01:11.581 INFO  <water_etl_pipeline - Dim_potability lookup> [/etl/water_etl_pipeline.ktr]  Finished processing (I=3276, O=0, R=3276, W=3276, U=0, E=0)
2026-04-21 05:01:11.768 INFO  <water_etl_pipeline - JSON output> [/etl/water_etl_pipeline.ktr]  Finished processing (I=0, O=1638, R=1638, W=1638, U=0, E=0)
2026-04-21 05:01:11.862 INFO  <water_etl_pipeline - update fact> [/etl/water_etl_pipeline.ktr]  Finished processing (I=0, O=1638, R=1638, W=1638, U=0, E=0)
2026-04-21 05:01:11.885 INFO  <main> [/etl/water_etl_pipeline.ktr]   
2026-04-21 05:01:11.886 INFO  <main> [/etl/water_etl_pipeline.ktr]  Step CSV file input.0 ended successfully, processed 3276 lines. ( 1638 lines/s)
2026-04-21 05:01:11.886 INFO  <main> [/etl/water_etl_pipeline.ktr]  Step If field value is null.0 ended successfully, processed 3276 lines. ( 1638 lines/s)
2026-04-21 05:01:11.886 INFO  <main> [/etl/water_etl_pipeline.ktr]  Step Number range.0 ended successfully, processed 3276 lines. ( 1638 lines/s)
2026-04-21 05:01:11.888 INFO  <main> [/etl/water_etl_pipeline.ktr]  Step update dim_hardness.0 ended successfully, processed 3276 lines. ( 1638 lines/s)
2026-04-21 05:01:11.889 INFO  <main> [/etl/water_etl_pipeline.ktr]  Step Number range 2.0 ended successfully, processed 3276 lines. ( 1638 lines/s)
2026-04-21 05:01:11.889 INFO  <main> [/etl/water_etl_pipeline.ktr]  Step update dim_acidity.0 ended successfully, processed 3276 lines. ( 1638 lines/s)
2026-04-21 05:01:11.890 INFO  <main> [/etl/water_etl_pipeline.ktr]  Step Dim_potability lookup.0 ended successfully, processed 3276 lines. ( 1638 lines/s)
2026-04-21 05:01:11.890 INFO  <main> [/etl/water_etl_pipeline.ktr]  Step update fact.0 ended successfully, processed 1638 lines. ( 819 lines/s)
2026-04-21 05:01:11.892 INFO  <main> [/etl/water_etl_pipeline.ktr]  Step JSON output.0 ended successfully, processed 1638 lines. ( 819 lines/s)
2026-04-21 05:21:23.325 INFO  <main> [/etl/water_etl_pipeline.ktr]  Dispatching started for transformation [water_etl_pipeline]
2026-04-21 05:21:23.911 INFO  <init of update fact.0 (Thread-13)> [/etl/water_etl_pipeline.ktr]  Connected to database [data_warehouse] (commit=1000)
2026-04-21 05:21:23.987 INFO  <water_etl_pipeline - CSV file input> [/etl/water_etl_pipeline.ktr]  Header row skipped in file '/data/raw/water_potability.csv'
2026-04-21 05:21:24.888 INFO  <water_etl_pipeline - CSV file input> [/etl/water_etl_pipeline.ktr]  Finished processing (I=3277, O=0, R=0, W=3276, U=0, E=0)
2026-04-21 05:21:24.895 INFO  <water_etl_pipeline - If field value is null> [/etl/water_etl_pipeline.ktr]  Finished processing (I=0, O=0, R=3276, W=3276, U=0, E=0)
2026-04-21 05:21:24.903 INFO  <water_etl_pipeline - Number range> [/etl/water_etl_pipeline.ktr]  Finished processing (I=0, O=0, R=3276, W=3276, U=0, E=0)
2026-04-21 05:21:24.918 INFO  <water_etl_pipeline - update dim_hardness> [/etl/water_etl_pipeline.ktr]  Finished processing (I=4, O=0, R=3276, W=3276, U=0, E=0)
2026-04-21 05:21:24.921 INFO  <water_etl_pipeline - Number range 2> [/etl/water_etl_pipeline.ktr]  Finished processing (I=0, O=0, R=3276, W=3276, U=0, E=0)
2026-04-21 05:21:24.934 INFO  <water_etl_pipeline - update dim_acidity> [/etl/water_etl_pipeline.ktr]  Finished processing (I=3, O=0, R=3276, W=3276, U=0, E=0)
2026-04-21 05:21:26.142 INFO  <water_etl_pipeline - Dim_potability lookup> [/etl/water_etl_pipeline.ktr]  Finished processing (I=3276, O=0, R=3276, W=3276, U=0, E=0)
2026-04-21 05:21:26.271 INFO  <water_etl_pipeline - JSON output> [/etl/water_etl_pipeline.ktr]  Finished processing (I=0, O=1638, R=1638, W=1638, U=0, E=0)
2026-04-21 05:21:26.355 INFO  <water_etl_pipeline - update fact> [/etl/water_etl_pipeline.ktr]  Finished processing (I=0, O=1638, R=1638, W=1638, U=0, E=0)
2026-04-21 05:21:26.374 INFO  <main> [/etl/water_etl_pipeline.ktr]   
2026-04-21 05:21:26.374 INFO  <main> [/etl/water_etl_pipeline.ktr]  Step CSV file input.0 ended successfully, processed 3276 lines. ( 1092 lines/s)
2026-04-21 05:21:26.375 INFO  <main> [/etl/water_etl_pipeline.ktr]  Step If field value is null.0 ended successfully, processed 3276 lines. ( 1092 lines/s)
2026-04-21 05:21:26.375 INFO  <main> [/etl/water_etl_pipeline.ktr]  Step Number range.0 ended successfully, processed 3276 lines. ( 1092 lines/s)
2026-04-21 05:21:26.376 INFO  <main> [/etl/water_etl_pipeline.ktr]  Step update dim_hardness.0 ended successfully, processed 3276 lines. ( 1092 lines/s)
2026-04-21 05:21:26.376 INFO  <main> [/etl/water_etl_pipeline.ktr]  Step Number range 2.0 ended successfully, processed 3276 lines. ( 1092 lines/s)
2026-04-21 05:21:26.376 INFO  <main> [/etl/water_etl_pipeline.ktr]  Step update dim_acidity.0 ended successfully, processed 3276 lines. ( 1092 lines/s)
2026-04-21 05:21:26.377 INFO  <main> [/etl/water_etl_pipeline.ktr]  Step Dim_potability lookup.0 ended successfully, processed 3276 lines. ( 1092 lines/s)
2026-04-21 05:21:26.377 INFO  <main> [/etl/water_etl_pipeline.ktr]  Step update fact.0 ended successfully, processed 1638 lines. ( 546 lines/s)
2026-04-21 05:21:26.377 INFO  <main> [/etl/water_etl_pipeline.ktr]  Step JSON output.0 ended successfully, processed 1638 lines. ( 546 lines/s)
2026-04-21 05:36:24.275 INFO  <main> [/etl/water_etl_pipeline.ktr]  Dispatching started for transformation [water_etl_pipeline]
2026-04-21 05:36:24.818 INFO  <init of update fact.0 (Thread-13)> [/etl/water_etl_pipeline.ktr]  Connected to database [data_warehouse] (commit=1000)
2026-04-21 05:36:24.888 INFO  <water_etl_pipeline - CSV file input> [/etl/water_etl_pipeline.ktr]  Header row skipped in file '/data/raw/water_potability.csv'
2026-04-21 05:36:25.498 INFO  <water_etl_pipeline - CSV file input> [/etl/water_etl_pipeline.ktr]  Finished processing (I=3277, O=0, R=0, W=3276, U=0, E=0)
2026-04-21 05:36:25.513 INFO  <water_etl_pipeline - Number range> [/etl/water_etl_pipeline.ktr]  Finished processing (I=0, O=0, R=3276, W=3276, U=0, E=0)
2026-04-21 05:36:25.505 INFO  <water_etl_pipeline - If field value is null> [/etl/water_etl_pipeline.ktr]  Finished processing (I=0, O=0, R=3276, W=3276, U=0, E=0)
2026-04-21 05:36:25.533 INFO  <water_etl_pipeline - Number range 2> [/etl/water_etl_pipeline.ktr]  Finished processing (I=0, O=0, R=3276, W=3276, U=0, E=0)
2026-04-21 05:36:25.533 INFO  <water_etl_pipeline - update dim_hardness> [/etl/water_etl_pipeline.ktr]  Finished processing (I=4, O=0, R=3276, W=3276, U=0, E=0)
2026-04-21 05:36:25.548 INFO  <water_etl_pipeline - update dim_acidity> [/etl/water_etl_pipeline.ktr]  Finished processing (I=3, O=0, R=3276, W=3276, U=0, E=0)
2026-04-21 05:36:26.904 INFO  <water_etl_pipeline - Dim_potability lookup> [/etl/water_etl_pipeline.ktr]  Finished processing (I=3276, O=0, R=3276, W=3276, U=0, E=0)
2026-04-21 05:36:27.069 INFO  <water_etl_pipeline - JSON output> [/etl/water_etl_pipeline.ktr]  Finished processing (I=0, O=1638, R=1638, W=1638, U=0, E=0)
2026-04-21 05:36:27.121 INFO  <water_etl_pipeline - update fact> [/etl/water_etl_pipeline.ktr]  Finished processing (I=0, O=1638, R=1638, W=1638, U=0, E=0)
2026-04-21 05:36:27.136 INFO  <main> [/etl/water_etl_pipeline.ktr]   
2026-04-21 05:36:27.137 INFO  <main> [/etl/water_etl_pipeline.ktr]  Step CSV file input.0 ended successfully, processed 3276 lines. ( 1638 lines/s)
2026-04-21 05:36:27.137 INFO  <main> [/etl/water_etl_pipeline.ktr]  Step If field value is null.0 ended successfully, processed 3276 lines. ( 1638 lines/s)
2026-04-21 05:36:27.137 INFO  <main> [/etl/water_etl_pipeline.ktr]  Step Number range.0 ended successfully, processed 3276 lines. ( 1638 lines/s)
2026-04-21 05:36:27.138 INFO  <main> [/etl/water_etl_pipeline.ktr]  Step update dim_hardness.0 ended successfully, processed 3276 lines. ( 1638 lines/s)
2026-04-21 05:36:27.138 INFO  <main> [/etl/water_etl_pipeline.ktr]  Step Number range 2.0 ended successfully, processed 3276 lines. ( 1638 lines/s)
2026-04-21 05:36:27.139 INFO  <main> [/etl/water_etl_pipeline.ktr]  Step update dim_acidity.0 ended successfully, processed 3276 lines. ( 1638 lines/s)
2026-04-21 05:36:27.139 INFO  <main> [/etl/water_etl_pipeline.ktr]  Step Dim_potability lookup.0 ended successfully, processed 3276 lines. ( 1638 lines/s)
2026-04-21 05:36:27.140 INFO  <main> [/etl/water_etl_pipeline.ktr]  Step update fact.0 ended successfully, processed 1638 lines. ( 819 lines/s)
2026-04-21 05:36:27.141 INFO  <main> [/etl/water_etl_pipeline.ktr]  Step JSON output.0 ended successfully, processed 1638 lines. ( 819 lines/s)
2026-04-21 05:45:14.478 INFO  <main> [/etl/water_etl_pipeline.ktr]  Dispatching started for transformation [water_etl_pipeline]
2026-04-21 05:45:15.348 INFO  <init of update fact.0 (Thread-13)> [/etl/water_etl_pipeline.ktr]  Connected to database [data_warehouse] (commit=1000)
2026-04-21 05:45:15.567 INFO  <water_etl_pipeline - CSV file input> [/etl/water_etl_pipeline.ktr]  Header row skipped in file '/data/raw/water_potability.csv'
2026-04-21 05:45:16.696 INFO  <water_etl_pipeline - If field value is null> [/etl/water_etl_pipeline.ktr]  Finished processing (I=0, O=0, R=3276, W=3276, U=0, E=0)
2026-04-21 05:45:16.689 INFO  <water_etl_pipeline - CSV file input> [/etl/water_etl_pipeline.ktr]  Finished processing (I=3277, O=0, R=0, W=3276, U=0, E=0)
2026-04-21 05:45:16.714 INFO  <water_etl_pipeline - Number range> [/etl/water_etl_pipeline.ktr]  Finished processing (I=0, O=0, R=3276, W=3276, U=0, E=0)
2026-04-21 05:45:16.732 INFO  <water_etl_pipeline - update dim_hardness> [/etl/water_etl_pipeline.ktr]  Finished processing (I=4, O=0, R=3276, W=3276, U=0, E=0)
2026-04-21 05:45:16.733 INFO  <water_etl_pipeline - Number range 2> [/etl/water_etl_pipeline.ktr]  Finished processing (I=0, O=0, R=3276, W=3276, U=0, E=0)
2026-04-21 05:45:16.764 INFO  <water_etl_pipeline - update dim_acidity> [/etl/water_etl_pipeline.ktr]  Finished processing (I=3, O=0, R=3276, W=3276, U=0, E=0)
2026-04-21 05:45:18.219 INFO  <water_etl_pipeline - Dim_potability lookup> [/etl/water_etl_pipeline.ktr]  Finished processing (I=3276, O=0, R=3276, W=3276, U=0, E=0)
2026-04-21 05:45:18.430 INFO  <water_etl_pipeline - JSON output> [/etl/water_etl_pipeline.ktr]  Finished processing (I=0, O=1638, R=1638, W=1638, U=0, E=0)
2026-04-21 05:45:18.631 INFO  <water_etl_pipeline - update fact> [/etl/water_etl_pipeline.ktr]  Finished processing (I=0, O=1638, R=1638, W=1638, U=0, E=0)
2026-04-21 05:45:18.661 INFO  <main> [/etl/water_etl_pipeline.ktr]   
2026-04-21 05:45:18.662 INFO  <main> [/etl/water_etl_pipeline.ktr]  Step CSV file input.0 ended successfully, processed 3276 lines. ( 819 lines/s)
2026-04-21 05:45:18.663 INFO  <main> [/etl/water_etl_pipeline.ktr]  Step If field value is null.0 ended successfully, processed 3276 lines. ( 819 lines/s)
2026-04-21 05:45:18.664 INFO  <main> [/etl/water_etl_pipeline.ktr]  Step Number range.0 ended successfully, processed 3276 lines. ( 819 lines/s)
2026-04-21 05:45:18.664 INFO  <main> [/etl/water_etl_pipeline.ktr]  Step update dim_hardness.0 ended successfully, processed 3276 lines. ( 819 lines/s)
2026-04-21 05:45:18.665 INFO  <main> [/etl/water_etl_pipeline.ktr]  Step Number range 2.0 ended successfully, processed 3276 lines. ( 819 lines/s)
2026-04-21 05:45:18.671 INFO  <main> [/etl/water_etl_pipeline.ktr]  Step update dim_acidity.0 ended successfully, processed 3276 lines. ( 819 lines/s)
2026-04-21 05:45:18.672 INFO  <main> [/etl/water_etl_pipeline.ktr]  Step Dim_potability lookup.0 ended successfully, processed 3276 lines. ( 819 lines/s)
2026-04-21 05:45:18.672 INFO  <main> [/etl/water_etl_pipeline.ktr]  Step update fact.0 ended successfully, processed 1638 lines. ( 409 lines/s)
2026-04-21 05:45:18.673 INFO  <main> [/etl/water_etl_pipeline.ktr]  Step JSON output.0 ended successfully, processed 1638 lines. ( 409 lines/s)
2026-04-21 05:53:39.327 INFO  <main> [/etl/water_etl_pipeline.ktr]  Dispatching started for transformation [water_etl_pipeline]
2026-04-21 05:53:39.742 INFO  <init of update fact.0 (Thread-13)> [/etl/water_etl_pipeline.ktr]  Connected to database [data_warehouse] (commit=1000)
2026-04-21 05:53:39.811 INFO  <water_etl_pipeline - CSV file input> [/etl/water_etl_pipeline.ktr]  Header row skipped in file '/data/raw/water_potability.csv'
2026-04-21 05:53:40.248 INFO  <water_etl_pipeline - CSV file input> [/etl/water_etl_pipeline.ktr]  Finished processing (I=3277, O=0, R=0, W=3276, U=0, E=0)
2026-04-21 05:53:40.257 INFO  <water_etl_pipeline - If field value is null> [/etl/water_etl_pipeline.ktr]  Finished processing (I=0, O=0, R=3276, W=3276, U=0, E=0)
2026-04-21 05:53:40.261 INFO  <water_etl_pipeline - Number range> [/etl/water_etl_pipeline.ktr]  Finished processing (I=0, O=0, R=3276, W=3276, U=0, E=0)
2026-04-21 05:53:40.272 INFO  <water_etl_pipeline - update dim_hardness> [/etl/water_etl_pipeline.ktr]  Finished processing (I=4, O=0, R=3276, W=3276, U=0, E=0)
2026-04-21 05:53:40.275 INFO  <water_etl_pipeline - Number range 2> [/etl/water_etl_pipeline.ktr]  Finished processing (I=0, O=0, R=3276, W=3276, U=0, E=0)
2026-04-21 05:53:40.289 INFO  <water_etl_pipeline - update dim_acidity> [/etl/water_etl_pipeline.ktr]  Finished processing (I=3, O=0, R=3276, W=3276, U=0, E=0)
2026-04-21 05:53:41.316 INFO  <water_etl_pipeline - Dim_potability lookup> [/etl/water_etl_pipeline.ktr]  Finished processing (I=3276, O=0, R=3276, W=3276, U=0, E=0)
2026-04-21 05:53:41.471 INFO  <water_etl_pipeline - JSON output> [/etl/water_etl_pipeline.ktr]  Finished processing (I=0, O=1638, R=1638, W=1638, U=0, E=0)
2026-04-21 05:53:41.542 INFO  <water_etl_pipeline - update fact> [/etl/water_etl_pipeline.ktr]  Finished processing (I=0, O=1638, R=1638, W=1638, U=0, E=0)
2026-04-21 05:53:41.558 INFO  <main> [/etl/water_etl_pipeline.ktr]   
2026-04-21 05:53:41.559 INFO  <main> [/etl/water_etl_pipeline.ktr]  Step CSV file input.0 ended successfully, processed 3276 lines. ( 1638 lines/s)
2026-04-21 05:53:41.560 INFO  <main> [/etl/water_etl_pipeline.ktr]  Step If field value is null.0 ended successfully, processed 3276 lines. ( 1638 lines/s)
2026-04-21 05:53:41.560 INFO  <main> [/etl/water_etl_pipeline.ktr]  Step Number range.0 ended successfully, processed 3276 lines. ( 1638 lines/s)
2026-04-21 05:53:41.561 INFO  <main> [/etl/water_etl_pipeline.ktr]  Step update dim_hardness.0 ended successfully, processed 3276 lines. ( 1638 lines/s)
2026-04-21 05:53:41.562 INFO  <main> [/etl/water_etl_pipeline.ktr]  Step Number range 2.0 ended successfully, processed 3276 lines. ( 1638 lines/s)
2026-04-21 05:53:41.562 INFO  <main> [/etl/water_etl_pipeline.ktr]  Step update dim_acidity.0 ended successfully, processed 3276 lines. ( 1638 lines/s)
2026-04-21 05:53:41.564 INFO  <main> [/etl/water_etl_pipeline.ktr]  Step Dim_potability lookup.0 ended successfully, processed 3276 lines. ( 1638 lines/s)
2026-04-21 05:53:41.567 INFO  <main> [/etl/water_etl_pipeline.ktr]  Step update fact.0 ended successfully, processed 1638 lines. ( 819 lines/s)
2026-04-21 05:53:41.569 INFO  <main> [/etl/water_etl_pipeline.ktr]  Step JSON output.0 ended successfully, processed 1638 lines. ( 819 lines/s)
2026-04-21 05:59:06.407 INFO  <main> [/etl/water_etl_pipeline.ktr]  Dispatching started for transformation [water_etl_pipeline]
2026-04-21 05:59:06.802 INFO  <init of update fact.0 (Thread-13)> [/etl/water_etl_pipeline.ktr]  Connected to database [data_warehouse] (commit=1000)
2026-04-21 05:59:06.876 INFO  <water_etl_pipeline - CSV file input> [/etl/water_etl_pipeline.ktr]  Header row skipped in file '/data/raw/water_potability.csv'
2026-04-21 05:59:07.385 INFO  <water_etl_pipeline - CSV file input> [/etl/water_etl_pipeline.ktr]  Finished processing (I=3277, O=0, R=0, W=3276, U=0, E=0)
2026-04-21 05:59:07.390 INFO  <water_etl_pipeline - If field value is null> [/etl/water_etl_pipeline.ktr]  Finished processing (I=0, O=0, R=3276, W=3276, U=0, E=0)
2026-04-21 05:59:07.398 INFO  <water_etl_pipeline - Number range> [/etl/water_etl_pipeline.ktr]  Finished processing (I=0, O=0, R=3276, W=3276, U=0, E=0)
2026-04-21 05:59:07.410 INFO  <water_etl_pipeline - update dim_hardness> [/etl/water_etl_pipeline.ktr]  Finished processing (I=4, O=0, R=3276, W=3276, U=0, E=0)
2026-04-21 05:59:07.413 INFO  <water_etl_pipeline - Number range 2> [/etl/water_etl_pipeline.ktr]  Finished processing (I=0, O=0, R=3276, W=3276, U=0, E=0)
2026-04-21 05:59:07.424 INFO  <water_etl_pipeline - update dim_acidity> [/etl/water_etl_pipeline.ktr]  Finished processing (I=3, O=0, R=3276, W=3276, U=0, E=0)
2026-04-21 05:59:08.380 INFO  <water_etl_pipeline - Dim_potability lookup> [/etl/water_etl_pipeline.ktr]  Finished processing (I=3276, O=0, R=3276, W=3276, U=0, E=0)
2026-04-21 05:59:08.519 INFO  <water_etl_pipeline - JSON output> [/etl/water_etl_pipeline.ktr]  Finished processing (I=0, O=1638, R=1638, W=1638, U=0, E=0)
2026-04-21 05:59:08.594 INFO  <water_etl_pipeline - update fact> [/etl/water_etl_pipeline.ktr]  Finished processing (I=0, O=1638, R=1638, W=1638, U=0, E=0)
2026-04-21 05:59:08.609 INFO  <main> [/etl/water_etl_pipeline.ktr]   
2026-04-21 05:59:08.610 INFO  <main> [/etl/water_etl_pipeline.ktr]  Step CSV file input.0 ended successfully, processed 3276 lines. ( 1638 lines/s)
2026-04-21 05:59:08.610 INFO  <main> [/etl/water_etl_pipeline.ktr]  Step If field value is null.0 ended successfully, processed 3276 lines. ( 1638 lines/s)
2026-04-21 05:59:08.611 INFO  <main> [/etl/water_etl_pipeline.ktr]  Step Number range.0 ended successfully, processed 3276 lines. ( 1638 lines/s)
2026-04-21 05:59:08.611 INFO  <main> [/etl/water_etl_pipeline.ktr]  Step update dim_hardness.0 ended successfully, processed 3276 lines. ( 1638 lines/s)
2026-04-21 05:59:08.612 INFO  <main> [/etl/water_etl_pipeline.ktr]  Step Number range 2.0 ended successfully, processed 3276 lines. ( 1638 lines/s)
2026-04-21 05:59:08.614 INFO  <main> [/etl/water_etl_pipeline.ktr]  Step update dim_acidity.0 ended successfully, processed 3276 lines. ( 1638 lines/s)
2026-04-21 05:59:08.615 INFO  <main> [/etl/water_etl_pipeline.ktr]  Step Dim_potability lookup.0 ended successfully, processed 3276 lines. ( 1638 lines/s)
2026-04-21 05:59:08.617 INFO  <main> [/etl/water_etl_pipeline.ktr]  Step update fact.0 ended successfully, processed 1638 lines. ( 819 lines/s)
2026-04-21 05:59:08.617 INFO  <main> [/etl/water_etl_pipeline.ktr]  Step JSON output.0 ended successfully, processed 1638 lines. ( 819 lines/s)
